Archive member included to satisfy reference by file (symbol)

..\and08479_ee4341_accelerometer_spi.X\dist\default\production\and08479_ee4341_accelerometer_spi.X.a(accel_define.o)
                              build/default/production/sourceOfFiles/and08479_main.o (delay)
..\and08479_ee4341_accelerometer_spi.X\dist\default\production\and08479_ee4341_accelerometer_spi.X.a(accel_read_x.o)
                              build/default/production/sourceOfFiles/and08479_main.o (accel_read_x)
..\and08479_ee4341_accelerometer_spi.X\dist\default\production\and08479_ee4341_accelerometer_spi.X.a(accel_read_y.o)
                              build/default/production/sourceOfFiles/and08479_main.o (accel_read_y)
..\and08479_ee4341_accelerometer_spi.X\dist\default\production\and08479_ee4341_accelerometer_spi.X.a(accel_setup.o)
                              build/default/production/sourceOfFiles/and08479_main.o (accel_setup)
..\and08479_ee4341_accelerometer_spi.X\dist\default\production\and08479_ee4341_accelerometer_spi.X.a(spi2_read_register.o)
                              build/default/production/sourceOfFiles/and08479_main.o (spi2_read_register)
..\and08479_ee4341_accelerometer_spi.X\dist\default\production\and08479_ee4341_accelerometer_spi.X.a(spi2_setup.o)
                              build/default/production/sourceOfFiles/and08479_main.o (spi2_setup)
..\and08479_ee4341_accelerometer_spi.X\dist\default\production\and08479_ee4341_accelerometer_spi.X.a(spi2_write_register.o)
                              ..\and08479_ee4341_accelerometer_spi.X\dist\default\production\and08479_ee4341_accelerometer_spi.X.a(accel_setup.o) (spi2_write_register)
c:/program files/microchip/xc32/v4.00/bin/bin/../../lib/gcc/pic32mx/8.3.1/../../../../pic32mx/lib\libpic32.a(default-bootstrap-exception-handler.o)
                              C:\Users\Chase\AppData\Local\Temp\ccIuP5he.o (_bootstrap_exception_handler)
c:/program files/microchip/xc32/v4.00/bin/bin/../../lib/gcc/pic32mx/8.3.1/../../../../pic32mx/lib\libpic32.a(default-on-reset.o)
                              C:\Users\Chase\AppData\Local\Temp\ccIuP5he.o (_on_reset)
c:/program files/microchip/xc32/v4.00/bin/bin/../../lib/gcc/pic32mx/8.3.1/../../../../pic32mx/lib\libpic32.a(default-on-bootstrap.o)
                              C:\Users\Chase\AppData\Local\Temp\ccIuP5he.o (_on_bootstrap)
c:/program files/microchip/xc32/v4.00/bin/bin/../../lib/gcc/pic32mx/8.3.1/../../../../pic32mx/lib\libpic32.a(default-nmi-handler.o)
                              C:\Users\Chase\AppData\Local\Temp\ccIuP5he.o (_nmi_handler)
c:/program files/microchip/xc32/v4.00/bin/bin/../../lib/gcc/pic32mx/8.3.1/../../../../pic32mx/lib\libpic32.a(xc32_uart.o)
                              build/default/production/sourceOfFiles/uart1_setup.o (__XC_UART)
c:/program files/microchip/xc32/v4.00/bin/bin/../../lib/gcc/pic32mx/8.3.1/../../../../pic32mx/lib\libpic32.a(pic32_data_init.o)
                              C:\Users\Chase\AppData\Local\Temp\ccIuP5he.o (__pic32_data_init)
c:/program files/microchip/xc32/v4.00/bin/bin/../../lib/gcc/pic32mx/8.3.1/../../../../pic32mx/lib\libpic32.a(general-exception.o)
                              C:\Users\Chase\AppData\Local\Temp\ccIuP5he.o (_general_exception_context)
c:/program files/microchip/xc32/v4.00/bin/bin/../../lib/gcc/pic32mx/8.3.1/../../../../pic32mx/lib\libpic32.a(vector0.o)
                              C:\Users\Chase\AppData\Local\Temp\cck6u5bD.o (__vector_dispatch_0)
c:/program files/microchip/xc32/v4.00/bin/bin/../../lib/gcc/pic32mx/8.3.1/../../../../pic32mx/lib\libpic32.a(vector1.o)
                              C:\Users\Chase\AppData\Local\Temp\cck6u5bD.o (__vector_dispatch_1)
c:/program files/microchip/xc32/v4.00/bin/bin/../../lib/gcc/pic32mx/8.3.1/../../../../pic32mx/lib\libpic32.a(vector2.o)
                              C:\Users\Chase\AppData\Local\Temp\cck6u5bD.o (__vector_dispatch_2)
c:/program files/microchip/xc32/v4.00/bin/bin/../../lib/gcc/pic32mx/8.3.1/../../../../pic32mx/lib\libpic32.a(vector3.o)
                              C:\Users\Chase\AppData\Local\Temp\cck6u5bD.o (__vector_dispatch_3)
c:/program files/microchip/xc32/v4.00/bin/bin/../../lib/gcc/pic32mx/8.3.1/../../../../pic32mx/lib\libpic32.a(vector4.o)
                              C:\Users\Chase\AppData\Local\Temp\cck6u5bD.o (__vector_dispatch_4)
c:/program files/microchip/xc32/v4.00/bin/bin/../../lib/gcc/pic32mx/8.3.1/../../../../pic32mx/lib\libpic32.a(vector5.o)
                              C:\Users\Chase\AppData\Local\Temp\cck6u5bD.o (__vector_dispatch_5)
c:/program files/microchip/xc32/v4.00/bin/bin/../../lib/gcc/pic32mx/8.3.1/../../../../pic32mx/lib\libpic32.a(vector6.o)
                              C:\Users\Chase\AppData\Local\Temp\cck6u5bD.o (__vector_dispatch_6)
c:/program files/microchip/xc32/v4.00/bin/bin/../../lib/gcc/pic32mx/8.3.1/../../../../pic32mx/lib\libpic32.a(vector7.o)
                              C:\Users\Chase\AppData\Local\Temp\cck6u5bD.o (__vector_dispatch_7)
[...]
Memory Configuration

Name             Origin             Length             Attributes
kseg0_program_mem 0x000000009d000000 0x0000000000080000 xr
kseg0_boot_mem   0x000000009fc00490 0x0000000000000970
exception_mem    0x000000009fc01000 0x0000000000001000
kseg1_boot_mem   0x00000000bfc00000 0x0000000000000490
debug_exec_mem   0x00000000bfc02000 0x0000000000000ff0
config3          0x00000000bfc02ff0 0x0000000000000004
config2          0x00000000bfc02ff4 0x0000000000000004
config1          0x00000000bfc02ff8 0x0000000000000004
config0          0x00000000bfc02ffc 0x0000000000000004
kseg1_data_mem   0x00000000a0000000 0x0000000000020000 w !x
sfrs             0x00000000bf800000 0x0000000000100000
configsfrs       0x00000000bfc02ff0 0x0000000000000010
*default*        0x0000000000000000 0xffffffffffffffff

Linker script and memory map

LOAD c:/program files/microchip/xc32/v4.00/bin/bin/../../lib/gcc/pic32mx/8.3.1/../../../../pic32mx/lib\debug-exception-return.o
LOAD build/default/production/sourceOfFiles/and08479_main.o
LOAD build/default/production/sourceOfFiles/uart1_setup.o
LOAD build/default/production/sourceOfFiles/io_setup.o
LOAD ..\and08479_ee4341_accelerometer_spi.X\dist\default\production\and08479_ee4341_accelerometer_spi.X.a
                0x0000000000000001                __MPLAB_BUILD = 0x1
                0x0000000000000100                _min_heap_size = 0x100
LOAD C:\Users\Chase\AppData\Local\Temp\ccIuP5he.o
LOAD C:\Users\Chase\AppData\Local\Temp\ccomLMVl.o
LOAD C:\Users\Chase\AppData\Local\Temp\cck6u5bD.o
LOAD c:/program files/microchip/xc32/v4.00/bin/bin/../../lib/gcc/pic32mx/8.3.1/../../../../pic32mx/lib\pic32_software_reset.o
LOAD c:/program files/microchip/xc32/v4.00/bin/bin/../../lib/gcc/pic32mx/8.3.1\libgcc.a
START GROUP
LOAD c:/program files/microchip/xc32/v4.00/bin/bin/../../lib/gcc/pic32mx/8.3.1/../../../../pic32mx/lib\libpic32.a
LOAD c:/program files/microchip/xc32/v4.00/bin/bin/../../lib/gcc/pic32mx/8.3.1/../../../../pic32mx/lib\libdebug.a
LOAD c:/program files/microchip/xc32/v4.00/bin/bin/../../lib/gcc/pic32mx/8.3.1/../../../../pic32mx/lib\libc-musl.a
LOAD c:/program files/microchip/xc32/v4.00/bin/bin/../../lib/gcc/pic32mx/8.3.1/../../../../pic32mx/lib\libm.a
LOAD c:/program files/microchip/xc32/v4.00/bin/bin/../../lib/gcc/pic32mx/8.3.1/../../../../pic32mx/lib\libe.a
LOAD c:/program files/microchip/xc32/v4.00/bin/bin/../../lib/gcc/pic32mx/8.3.1/../../../../pic32mx/lib\libm-musl.a
LOAD c:/program files/microchip/xc32/v4.00/bin/bin/../../lib/gcc/pic32mx/8.3.1/../../../../pic32mx/lib\libdsp.a
END GROUP
LOAD c:/program files/microchip/xc32/v4.00/bin/bin/../../lib/gcc/pic32mx/8.3.1\libgcc.a
                0x0000000000000400                PROVIDE (_min_stack_size = 0x400)
START GROUP
LOAD libmchp_peripheral.a
END GROUP
START GROUP
LOAD libmchp_peripheral_32MX470F512L.a
END GROUP
                0x0000000000000001                PROVIDE (_vector_spacing = 0x1)
                0x000000009fc01000                PROVIDE (_ebase_address = 0x9fc01000)
                0x00000000bfc00000                _RESET_ADDR = 0xbfc00000
                0x00000000bfc00380                _BEV_EXCPT_ADDR = 0xbfc00380
                0x00000000bfc00480                _DBG_EXCPT_ADDR = 0xbfc00480
                0x00000000bfc02000                _DBG_CODE_ADDR = 0xbfc02000
                0x0000000000000ff0                _DBG_CODE_SIZE = 0xff0
                0x000000009fc01180                _GEN_EXCPT_ADDR = (_ebase_address + 0x180)

.config_BFC02FF0
                0x00000000bfc02ff0        0x4
 *(.config_BFC02FF0)
 .config_BFC02FF0
                0x00000000bfc02ff0        0x4 build/default/production/sourceOfFiles/io_setup.o
                0x00000000bfc02ff0                __config_BFC02FF0

.config_BFC02FF4
                0x00000000bfc02ff4        0x4
 *(.config_BFC02FF4)
 .config_BFC02FF4
                0x00000000bfc02ff4        0x4 build/default/production/sourceOfFiles/io_setup.o
                0x00000000bfc02ff4                __config_BFC02FF4

.config_BFC02FF8
                0x00000000bfc02ff8        0x4
 *(.config_BFC02FF8)
 .config_BFC02FF8
                0x00000000bfc02ff8        0x4 build/default/production/sourceOfFiles/io_setup.o
                0x00000000bfc02ff8                __config_BFC02FF8

.config_BFC02FFC
                0x00000000bfc02ffc        0x4
 *(.config_BFC02FFC)
 .config_BFC02FFC
                0x00000000bfc02ffc        0x4 build/default/production/sourceOfFiles/io_setup.o
                0x00000000bfc02ffc                __config_BFC02FFC

.reset          0x00000000bfc00000      0x19c
 *(.reset)
 .reset         0x00000000bfc00000        0x8 C:\Users\Chase\AppData\Local\Temp\ccIuP5he.o
                0x00000000bfc00000                _reset
 *(.reset.startup)
 .reset.startup
                0x00000000bfc00008      0x194 C:\Users\Chase\AppData\Local\Temp\ccIuP5he.o
                0x00000000bfc00008                _startup

.bev_excpt      0x00000000bfc00380       0x10
 *(.bev_handler)
 .bev_handler   0x00000000bfc00380       0x10 C:\Users\Chase\AppData\Local\Temp\ccIuP5he.o

.dbg_excpt      0x00000000bfc00480        0x0
                0x00000000bfc00480                . = (. + DEFINED (_DEBUGGER)?0x8:0x0)

.dbg_code       0x00000000bfc02000        0x0
                0x00000000bfc02000                . = (. + DEFINED (_DEBUGGER)?_DBG_CODE_SIZE:0x0)

.app_excpt      0x000000009fc01180       0x10
 *(.gen_handler)
 .gen_handler   0x000000009fc01180       0x10 C:\Users\Chase\AppData\Local\Temp\ccIuP5he.o

.vector_0       0x000000009fc01200        0x8
 *(.vector_0)
 .vector_0      0x000000009fc01200        0x8 c:/program files/microchip/xc32/v4.00/bin/bin/../../lib/gcc/pic32mx/8.3.1/../../../../pic32mx/lib\libpic32.a(vector0.o)
                0x000000009fc01200                __vector_dispatch_0
                0x0000000000000001                ASSERT (((_vector_spacing == 0x0) || (SIZEOF (.vector_0) <= (_vector_spacing << 0x5))), function at exception vector 0 too large)

.vector_1       0x000000009fc01220        0x8
 *(.vector_1)
 .vector_1      0x000000009fc01220        0x8 c:/program files/microchip/xc32/v4.00/bin/bin/../../lib/gcc/pic32mx/8.3.1/../../../../pic32mx/lib\libpic32.a(vector1.o)
                0x000000009fc01220                __vector_dispatch_1
                0x0000000000000001                ASSERT (((_vector_spacing == 0x0) || (SIZEOF (.vector_1) <= (_vector_spacing << 0x5))), function at exception vector 1 too large)

.vector_2       0x000000009fc01240        0x8
 *(.vector_2)
 .vector_2      0x000000009fc01240        0x8 c:/program files/microchip/xc32/v4.00/bin/bin/../../lib/gcc/pic32mx/8.3.1/../../../../pic32mx/lib\libpic32.a(vector2.o)
                0x000000009fc01240                __vector_dispatch_2
                0x0000000000000001                ASSERT (((_vector_spacing == 0x0) || (SIZEOF (.vector_2) <= (_vector_spacing << 0x5))), function at exception vector 2 too large)

.vector_3       0x000000009fc01260        0x8
 *(.vector_3)
 .vector_3      0x000000009fc01260        0x8 c:/program files/microchip/xc32/v4.00/bin/bin/../../lib/gcc/pic32mx/8.3.1/../../../../pic32mx/lib\libpic32.a(vector3.o)
                0x000000009fc01260                __vector_dispatch_3
                0x0000000000000001                ASSERT (((_vector_spacing == 0x0) || (SIZEOF (.vector_3) <= (_vector_spacing << 0x5))), function at exception vector 3 too large)

.vector_4       0x000000009fc01280        0x8
 *(.vector_4)
 .vector_4      0x000000009fc01280        0x8 c:/program files/microchip/xc32/v4.00/bin/bin/../../lib/gcc/pic32mx/8.3.1/../../../../pic32mx/lib\libpic32.a(vector4.o)
                0x000000009fc01280                __vector_dispatch_4
                0x0000000000000001                ASSERT (((_vector_spacing == 0x0) || (SIZEOF (.vector_4) <= (_vector_spacing << 0x5))), function at exception vector 4 too large)

.vector_5       0x000000009fc012a0        0x8
 *(.vector_5)
 .vector_5      0x000000009fc012a0        0x8 c:/program files/microchip/xc32/v4.00/bin/bin/../../lib/gcc/pic32mx/8.3.1/../../../../pic32mx/lib\libpic32.a(vector5.o)
                0x000000009fc012a0                __vector_dispatch_5
                0x0000000000000001                ASSERT (((_vector_spacing == 0x0) || (SIZEOF (.vector_5) <= (_vector_spacing << 0x5))), function at exception vector 5 too large)

.vector_6       0x000000009fc012c0        0x8
 *(.vector_6)
 .vector_6      0x000000009fc012c0        0x8 c:/program files/microchip/xc32/v4.00/bin/bin/../../lib/gcc/pic32mx/8.3.1/../../../../pic32mx/lib\libpic32.a(vector6.o)
                0x000000009fc012c0                __vector_dispatch_6
                0x0000000000000001                ASSERT (((_vector_spacing == 0x0) || (SIZEOF (.vector_6) <= (_vector_spacing << 0x5))), function at exception vector 6 too large)

.vector_7       0x000000009fc012e0        0x8
 *(.vector_7)
 .vector_7      0x000000009fc012e0        0x8 c:/program files/microchip/xc32/v4.00/bin/bin/../../lib/gcc/pic32mx/8.3.1/../../../../pic32mx/lib\libpic32.a(vector7.o)
                0x000000009fc012e0                __vector_dispatch_7
                0x0000000000000001                ASSERT (((_vector_spacing == 0x0) || (SIZEOF (.vector_7) <= (_vector_spacing << 0x5))), function at exception vector 7 too large)

.vector_8       0x000000009fc01300        0x8
 *(.vector_8)
 .vector_8      0x000000009fc01300        0x8 c:/program files/microchip/xc32/v4.00/bin/bin/../../lib/gcc/pic32mx/8.3.1/../../../../pic32mx/lib\libpic32.a(vector8.o)
                0x000000009fc01300                __vector_dispatch_8
                0x0000000000000001                ASSERT (((_vector_spacing == 0x0) || (SIZEOF (.vector_8) <= (_vector_spacing << 0x5))), function at exception vector 8 too large)

.vector_9       0x000000009fc01320        0x8
 *(.vector_9)
 .vector_9      0x000000009fc01320        0x8 c:/program files/microchip/xc32/v4.00/bin/bin/../../lib/gcc/pic32mx/8.3.1/../../../../pic32mx/lib\libpic32.a(vector9.o)
                0x000000009fc01320                __vector_dispatch_9
                0x0000000000000001                ASSERT (((_vector_spacing == 0x0) || (SIZEOF (.vector_9) <= (_vector_spacing << 0x5))), function at exception vector 9 too large)

.vector_10      0x000000009fc01340        0x8
 *(.vector_10)
 .vector_10     0x000000009fc01340        0x8 c:/program files/microchip/xc32/v4.00/bin/bin/../../lib/gcc/pic32mx/8.3.1/../../../../pic32mx/lib\libpic32.a(vector10.o)
                0x000000009fc01340                __vector_dispatch_10
                0x0000000000000001                ASSERT (((_vector_spacing == 0x0) || (SIZEOF (.vector_10) <= (_vector_spacing << 0x5))), function at exception vector 10 too large)

.vector_11      0x000000009fc01360        0x8
 *(.vector_11)
 .vector_11     0x000000009fc01360        0x8 c:/program files/microchip/xc32/v4.00/bin/bin/../../lib/gcc/pic32mx/8.3.1/../../../../pic32mx/lib\libpic32.a(vector11.o)
                0x000000009fc01360                __vector_dispatch_11
                0x0000000000000001                ASSERT (((_vector_spacing == 0x0) || (SIZEOF (.vector_11) <= (_vector_spacing << 0x5))), function at exception vector 11 too large)

.vector_12      0x000000009fc01380        0x8
 *(.vector_12)
 .vector_12     0x000000009fc01380        0x8 c:/program files/microchip/xc32/v4.00/bin/bin/../../lib/gcc/pic32mx/8.3.1/../../../../pic32mx/lib\libpic32.a(vector12.o)
                0x000000009fc01380                __vector_dispatch_12
                0x0000000000000001                ASSERT (((_vector_spacing == 0x0) || (SIZEOF (.vector_12) <= (_vector_spacing << 0x5))), function at exception vector 12 too large)

.vector_13      0x000000009fc013a0        0x8
 *(.vector_13)
 .vector_13     0x000000009fc013a0        0x8 c:/program files/microchip/xc32/v4.00/bin/bin/../../lib/gcc/pic32mx/8.3.1/../../../../pic32mx/lib\libpic32.a(vector13.o)
                0x000000009fc013a0                __vector_dispatch_13
                0x0000000000000001                ASSERT (((_vector_spacing == 0x0) || (SIZEOF (.vector_13) <= (_vector_spacing << 0x5))), function at exception vector 13 too large)

.vector_14      0x000000009fc013c0        0x8
 *(.vector_14)
 .vector_14     0x000000009fc013c0        0x8 c:/program files/microchip/xc32/v4.00/bin/bin/../../lib/gcc/pic32mx/8.3.1/../../../../pic32mx/lib\libpic32.a(vector14.o)
                0x000000009fc013c0                __vector_dispatch_14
                0x0000000000000001                ASSERT (((_vector_spacing == 0x0) || (SIZEOF (.vector_14) <= (_vector_spacing << 0x5))), function at exception vector 14 too large)

.vector_15      0x000000009fc013e0        0x8
 *(.vector_15)
 .vector_15     0x000000009fc013e0        0x8 c:/program files/microchip/xc32/v4.00/bin/bin/../../lib/gcc/pic32mx/8.3.1/../../../../pic32mx/lib\libpic32.a(vector15.o)
                0x000000009fc013e0                __vector_dispatch_15
                0x0000000000000001                ASSERT (((_vector_spacing == 0x0) || (SIZEOF (.vector_15) <= (_vector_spacing << 0x5))), function at exception vector 15 too large)

.vector_16      0x000000009fc01400        0x8
 *(.vector_16)
 .vector_16     0x000000009fc01400        0x8 c:/program files/microchip/xc32/v4.00/bin/bin/../../lib/gcc/pic32mx/8.3.1/../../../../pic32mx/lib\libpic32.a(vector16.o)
                0x000000009fc01400                __vector_dispatch_16
                0x0000000000000001                ASSERT (((_vector_spacing == 0x0) || (SIZEOF (.vector_16) <= (_vector_spacing << 0x5))), function at exception vector 16 too large)

.vector_17      0x000000009fc01420        0x8
 *(.vector_17)
 .vector_17     0x000000009fc01420        0x8 c:/program files/microchip/xc32/v4.00/bin/bin/../../lib/gcc/pic32mx/8.3.1/../../../../pic32mx/lib\libpic32.a(vector17.o)
                0x000000009fc01420                __vector_dispatch_17
                0x0000000000000001                ASSERT (((_vector_spacing == 0x0) || (SIZEOF (.vector_17) <= (_vector_spacing << 0x5))), function at exception vector 17 too large)

.vector_18      0x000000009fc01440        0x8
 *(.vector_18)
 .vector_18     0x000000009fc01440        0x8 c:/program files/microchip/xc32/v4.00/bin/bin/../../lib/gcc/pic32mx/8.3.1/../../../../pic32mx/lib\libpic32.a(vector18.o)
                0x000000009fc01440                __vector_dispatch_18
                0x0000000000000001                ASSERT (((_vector_spacing == 0x0) || (SIZEOF (.vector_18) <= (_vector_spacing << 0x5))), function at exception vector 18 too large)

.vector_19      0x000000009fc01460        0x8
 *(.vector_19)
 .vector_19     0x000000009fc01460        0x8 c:/program files/microchip/xc32/v4.00/bin/bin/../../lib/gcc/pic32mx/8.3.1/../../../../pic32mx/lib\libpic32.a(vector19.o)
                0x000000009fc01460                __vector_dispatch_19
                0x0000000000000001                ASSERT (((_vector_spacing == 0x0) || (SIZEOF (.vector_19) <= (_vector_spacing << 0x5))), function at exception vector 19 too large)

.vector_20      0x000000009fc01480        0x8
 *(.vector_20)
 .vector_20     0x000000009fc01480        0x8 c:/program files/microchip/xc32/v4.00/bin/bin/../../lib/gcc/pic32mx/8.3.1/../../../../pic32mx/lib\libpic32.a(vector20.o)
                0x000000009fc01480                __vector_dispatch_20
                0x0000000000000001                ASSERT (((_vector_spacing == 0x0) || (SIZEOF (.vector_20) <= (_vector_spacing << 0x5))), function at exception vector 20 too large)

.vector_21      0x000000009fc014a0        0x8
 *(.vector_21)
 .vector_21     0x000000009fc014a0        0x8 c:/program files/microchip/xc32/v4.00/bin/bin/../../lib/gcc/pic32mx/8.3.1/../../../../pic32mx/lib\libpic32.a(vector21.o)
                0x000000009fc014a0                __vector_dispatch_21
                0x0000000000000001                ASSERT (((_vector_spacing == 0x0) || (SIZEOF (.vector_21) <= (_vector_spacing << 0x5))), function at exception vector 21 too large)

.vector_22      0x000000009fc014c0        0x8
 *(.vector_22)
 .vector_22     0x000000009fc014c0        0x8 c:/program files/microchip/xc32/v4.00/bin/bin/../../lib/gcc/pic32mx/8.3.1/../../../../pic32mx/lib\libpic32.a(vector22.o)
                0x000000009fc014c0                __vector_dispatch_22
                0x0000000000000001                ASSERT (((_vector_spacing == 0x0) || (SIZEOF (.vector_22) <= (_vector_spacing << 0x5))), function at exception vector 22 too large)

.vector_23      0x000000009fc014e0        0x8
 *(.vector_23)
 .vector_23     0x000000009fc014e0        0x8 c:/program files/microchip/xc32/v4.00/bin/bin/../../lib/gcc/pic32mx/8.3.1/../../../../pic32mx/lib\libpic32.a(vector23.o)
                0x000000009fc014e0                __vector_dispatch_23
                0x0000000000000001                ASSERT (((_vector_spacing == 0x0) || (SIZEOF (.vector_23) <= (_vector_spacing << 0x5))), function at exception vector 23 too large)

.vector_24      0x000000009fc01500        0x8
 *(.vector_24)
 .vector_24     0x000000009fc01500        0x8 c:/program files/microchip/xc32/v4.00/bin/bin/../../lib/gcc/pic32mx/8.3.1/../../../../pic32mx/lib\libpic32.a(vector24.o)
                0x000000009fc01500                __vector_dispatch_24
                0x0000000000000001                ASSERT (((_vector_spacing == 0x0) || (SIZEOF (.vector_24) <= (_vector_spacing << 0x5))), function at exception vector 24 too large)

.vector_25      0x000000009fc01520        0x8
 *(.vector_25)
 .vector_25     0x000000009fc01520        0x8 c:/program files/microchip/xc32/v4.00/bin/bin/../../lib/gcc/pic32mx/8.3.1/../../../../pic32mx/lib\libpic32.a(vector25.o)
                0x000000009fc01520                __vector_dispatch_25
                0x0000000000000001                ASSERT (((_vector_spacing == 0x0) || (SIZEOF (.vector_25) <= (_vector_spacing << 0x5))), function at exception vector 25 too large)

.vector_26      0x000000009fc01540        0x8
 *(.vector_26)
 .vector_26     0x000000009fc01540        0x8 c:/program files/microchip/xc32/v4.00/bin/bin/../../lib/gcc/pic32mx/8.3.1/../../../../pic32mx/lib\libpic32.a(vector26.o)
                0x000000009fc01540                __vector_dispatch_26
                0x0000000000000001                ASSERT (((_vector_spacing == 0x0) || (SIZEOF (.vector_26) <= (_vector_spacing << 0x5))), function at exception vector 26 too large)

.vector_27      0x000000009fc01560        0x8
 *(.vector_27)
 .vector_27     0x000000009fc01560        0x8 c:/program files/microchip/xc32/v4.00/bin/bin/../../lib/gcc/pic32mx/8.3.1/../../../../pic32mx/lib\libpic32.a(vector27.o)
                0x000000009fc01560                __vector_dispatch_27
                0x0000000000000001                ASSERT (((_vector_spacing == 0x0) || (SIZEOF (.vector_27) <= (_vector_spacing << 0x5))), function at exception vector 27 too large)

.vector_28      0x000000009fc01580        0x8
 *(.vector_28)
 .vector_28     0x000000009fc01580        0x8 c:/program files/microchip/xc32/v4.00/bin/bin/../../lib/gcc/pic32mx/8.3.1/../../../../pic32mx/lib\libpic32.a(vector28.o)
                0x000000009fc01580                __vector_dispatch_28
                0x0000000000000001                ASSERT (((_vector_spacing == 0x0) || (SIZEOF (.vector_28) <= (_vector_spacing << 0x5))), function at exception vector 28 too large)

.vector_29      0x000000009fc015a0        0x8
 *(.vector_29)
 .vector_29     0x000000009fc015a0        0x8 c:/program files/microchip/xc32/v4.00/bin/bin/../../lib/gcc/pic32mx/8.3.1/../../../../pic32mx/lib\libpic32.a(vector29.o)
                0x000000009fc015a0                __vector_dispatch_29
                0x0000000000000001                ASSERT (((_vector_spacing == 0x0) || (SIZEOF (.vector_29) <= (_vector_spacing << 0x5))), function at exception vector 29 too large)

.vector_30      0x000000009fc015c0        0x8
 *(.vector_30)
 .vector_30     0x000000009fc015c0        0x8 c:/program files/microchip/xc32/v4.00/bin/bin/../../lib/gcc/pic32mx/8.3.1/../../../../pic32mx/lib\libpic32.a(vector30.o)
                0x000000009fc015c0                __vector_dispatch_30
                0x0000000000000001                ASSERT (((_vector_spacing == 0x0) || (SIZEOF (.vector_30) <= (_vector_spacing << 0x5))), function at exception vector 30 too large)

.vector_31      0x000000009fc015e0        0x8
 *(.vector_31)
 .vector_31     0x000000009fc015e0        0x8 c:/program files/microchip/xc32/v4.00/bin/bin/../../lib/gcc/pic32mx/8.3.1/../../../../pic32mx/lib\libpic32.a(vector31.o)
                0x000000009fc015e0                __vector_dispatch_31
                0x0000000000000001                ASSERT (((_vector_spacing == 0x0) || (SIZEOF (.vector_31) <= (_vector_spacing << 0x5))), function at exception vector 31 too large)

.vector_32      0x000000009fc01600        0x8
 *(.vector_32)
 .vector_32     0x000000009fc01600        0x8 c:/program files/microchip/xc32/v4.00/bin/bin/../../lib/gcc/pic32mx/8.3.1/../../../../pic32mx/lib\libpic32.a(vector32.o)
                0x000000009fc01600                __vector_dispatch_32
                0x0000000000000001                ASSERT (((_vector_spacing == 0x0) || (SIZEOF (.vector_32) <= (_vector_spacing << 0x5))), function at exception vector 32 too large)

.vector_33      0x000000009fc01620        0x8
 *(.vector_33)
 .vector_33     0x000000009fc01620        0x8 c:/program files/microchip/xc32/v4.00/bin/bin/../../lib/gcc/pic32mx/8.3.1/../../../../pic32mx/lib\libpic32.a(vector33.o)
                0x000000009fc01620                __vector_dispatch_33
                0x0000000000000001                ASSERT (((_vector_spacing == 0x0) || (SIZEOF (.vector_33) <= (_vector_spacing << 0x5))), function at exception vector 33 too large)

.vector_34      0x000000009fc01640        0x8
 *(.vector_34)
 .vector_34     0x000000009fc01640        0x8 c:/program files/microchip/xc32/v4.00/bin/bin/../../lib/gcc/pic32mx/8.3.1/../../../../pic32mx/lib\libpic32.a(vector34.o)
                0x000000009fc01640                __vector_dispatch_34
                0x0000000000000001                ASSERT (((_vector_spacing == 0x0) || (SIZEOF (.vector_34) <= (_vector_spacing << 0x5))), function at exception vector 34 too large)

.vector_35      0x000000009fc01660        0x8
 *(.vector_35)
 .vector_35     0x000000009fc01660        0x8 c:/program files/microchip/xc32/v4.00/bin/bin/../../lib/gcc/pic32mx/8.3.1/../../../../pic32mx/lib\libpic32.a(vector35.o)
                0x000000009fc01660                __vector_dispatch_35
                0x0000000000000001                ASSERT (((_vector_spacing == 0x0) || (SIZEOF (.vector_35) <= (_vector_spacing << 0x5))), function at exception vector 35 too large)

.vector_36      0x000000009fc01680        0x8
 *(.vector_36)
 .vector_36     0x000000009fc01680        0x8 c:/program files/microchip/xc32/v4.00/bin/bin/../../lib/gcc/pic32mx/8.3.1/../../../../pic32mx/lib\libpic32.a(vector36.o)
                0x000000009fc01680                __vector_dispatch_36
                0x0000000000000001                ASSERT (((_vector_spacing == 0x0) || (SIZEOF (.vector_36) <= (_vector_spacing << 0x5))), function at exception vector 36 too large)

.vector_37      0x000000009fc016a0        0x8
 *(.vector_37)
 .vector_37     0x000000009fc016a0        0x8 c:/program files/microchip/xc32/v4.00/bin/bin/../../lib/gcc/pic32mx/8.3.1/../../../../pic32mx/lib\libpic32.a(vector37.o)
                0x000000009fc016a0                __vector_dispatch_37
                0x0000000000000001                ASSERT (((_vector_spacing == 0x0) || (SIZEOF (.vector_37) <= (_vector_spacing << 0x5))), function at exception vector 37 too large)

.vector_38      0x000000009fc016c0        0x8
 *(.vector_38)
 .vector_38     0x000000009fc016c0        0x8 c:/program files/microchip/xc32/v4.00/bin/bin/../../lib/gcc/pic32mx/8.3.1/../../../../pic32mx/lib\libpic32.a(vector38.o)
                0x000000009fc016c0                __vector_dispatch_38
                0x0000000000000001                ASSERT (((_vector_spacing == 0x0) || (SIZEOF (.vector_38) <= (_vector_spacing << 0x5))), function at exception vector 38 too large)

.vector_39      0x000000009fc016e0        0x8
 *(.vector_39)
 .vector_39     0x000000009fc016e0        0x8 c:/program files/microchip/xc32/v4.00/bin/bin/../../lib/gcc/pic32mx/8.3.1/../../../../pic32mx/lib\libpic32.a(vector39.o)
                0x000000009fc016e0                __vector_dispatch_39
                0x0000000000000001                ASSERT (((_vector_spacing == 0x0) || (SIZEOF (.vector_39) <= (_vector_spacing << 0x5))), function at exception vector 39 too large)

.vector_40      0x000000009fc01700        0x8
 *(.vector_40)
 .vector_40     0x000000009fc01700        0x8 c:/program files/microchip/xc32/v4.00/bin/bin/../../lib/gcc/pic32mx/8.3.1/../../../../pic32mx/lib\libpic32.a(vector40.o)
                0x000000009fc01700                __vector_dispatch_40
                0x0000000000000001                ASSERT (((_vector_spacing == 0x0) || (SIZEOF (.vector_40) <= (_vector_spacing << 0x5))), function at exception vector 40 too large)

.vector_41      0x000000009fc01720        0x8
 *(.vector_41)
 .vector_41     0x000000009fc01720        0x8 c:/program files/microchip/xc32/v4.00/bin/bin/../../lib/gcc/pic32mx/8.3.1/../../../../pic32mx/lib\libpic32.a(vector41.o)
                0x000000009fc01720                __vector_dispatch_41
                0x0000000000000001                ASSERT (((_vector_spacing == 0x0) || (SIZEOF (.vector_41) <= (_vector_spacing << 0x5))), function at exception vector 41 too large)

.vector_42      0x000000009fc01740        0x8
 *(.vector_42)
 .vector_42     0x000000009fc01740        0x8 c:/program files/microchip/xc32/v4.00/bin/bin/../../lib/gcc/pic32mx/8.3.1/../../../../pic32mx/lib\libpic32.a(vector42.o)
                0x000000009fc01740                __vector_dispatch_42
                0x0000000000000001                ASSERT (((_vector_spacing == 0x0) || (SIZEOF (.vector_42) <= (_vector_spacing << 0x5))), function at exception vector 42 too large)

.vector_43      0x000000009fc01760        0x8
 *(.vector_43)
 .vector_43     0x000000009fc01760        0x8 c:/program files/microchip/xc32/v4.00/bin/bin/../../lib/gcc/pic32mx/8.3.1/../../../../pic32mx/lib\libpic32.a(vector43.o)
                0x000000009fc01760                __vector_dispatch_43
                0x0000000000000001                ASSERT (((_vector_spacing == 0x0) || (SIZEOF (.vector_43) <= (_vector_spacing << 0x5))), function at exception vector 43 too large)

.vector_44      0x000000009fc01780        0x8
 *(.vector_44)
 .vector_44     0x000000009fc01780        0x8 c:/program files/microchip/xc32/v4.00/bin/bin/../../lib/gcc/pic32mx/8.3.1/../../../../pic32mx/lib\libpic32.a(vector44.o)
                0x000000009fc01780                __vector_dispatch_44
                0x0000000000000001                ASSERT (((_vector_spacing == 0x0) || (SIZEOF (.vector_44) <= (_vector_spacing << 0x5))), function at exception vector 44 too large)

.vector_45      0x000000009fc017a0        0x8
 *(.vector_45)
 .vector_45     0x000000009fc017a0        0x8 c:/program files/microchip/xc32/v4.00/bin/bin/../../lib/gcc/pic32mx/8.3.1/../../../../pic32mx/lib\libpic32.a(vector45.o)
                0x000000009fc017a0                __vector_dispatch_45
                0x0000000000000001                ASSERT (((_vector_spacing == 0x0) || (SIZEOF (.vector_45) <= (_vector_spacing << 0x5))), function at exception vector 45 too large)

.vector_46      0x000000009fc017c0        0x0
 *(.vector_46)
                0x0000000000000001                ASSERT (((_vector_spacing == 0x0) || (SIZEOF (.vector_46) <= (_vector_spacing << 0x5))), function at exception vector 46 too large)

.vector_47      0x000000009fc017e0        0x0
 *(.vector_47)
                0x0000000000000001                ASSERT (((_vector_spacing == 0x0) || (SIZEOF (.vector_47) <= (_vector_spacing << 0x5))), function at exception vector 47 too large)

.vector_48      0x000000009fc01800        0x0
 *(.vector_48)
                0x0000000000000001                ASSERT (((_vector_spacing == 0x0) || (SIZEOF (.vector_48) <= (_vector_spacing << 0x5))), function at exception vector 48 too large)

.vector_49      0x000000009fc01820        0x0
 *(.vector_49)
                0x0000000000000001                ASSERT (((_vector_spacing == 0x0) || (SIZEOF (.vector_49) <= (_vector_spacing << 0x5))), function at exception vector 49 too large)

.vector_50      0x000000009fc01840        0x0
 *(.vector_50)
                0x0000000000000001                ASSERT (((_vector_spacing == 0x0) || (SIZEOF (.vector_50) <= (_vector_spacing << 0x5))), function at exception vector 50 too large)

.vector_51      0x000000009fc01860        0x0
 *(.vector_51)
                0x0000000000000001                ASSERT (((_vector_spacing == 0x0) || (SIZEOF (.vector_51) <= (_vector_spacing << 0x5))), function at exception vector 51 too large)

.vector_52      0x000000009fc01880        0x0
 *(.vector_52)
                0x0000000000000001                ASSERT (((_vector_spacing == 0x0) || (SIZEOF (.vector_52) <= (_vector_spacing << 0x5))), function at exception vector 52 too large)

.vector_53      0x000000009fc018a0        0x0
 *(.vector_53)
                0x0000000000000001                ASSERT (((_vector_spacing == 0x0) || (SIZEOF (.vector_53) <= (_vector_spacing << 0x5))), function at exception vector 53 too large)

.vector_54      0x000000009fc018c0        0x0
 *(.vector_54)
                0x0000000000000001                ASSERT (((_vector_spacing == 0x0) || (SIZEOF (.vector_54) <= (_vector_spacing << 0x5))), function at exception vector 54 too large)

.vector_55      0x000000009fc018e0        0x0
 *(.vector_55)
                0x0000000000000001                ASSERT (((_vector_spacing == 0x0) || (SIZEOF (.vector_55) <= (_vector_spacing << 0x5))), function at exception vector 55 too large)

.vector_56      0x000000009fc01900        0x0
 *(.vector_56)
                0x0000000000000001                ASSERT (((_vector_spacing == 0x0) || (SIZEOF (.vector_56) <= (_vector_spacing << 0x5))), function at exception vector 56 too large)

.vector_57      0x000000009fc01920        0x0
 *(.vector_57)
                0x0000000000000001                ASSERT (((_vector_spacing == 0x0) || (SIZEOF (.vector_57) <= (_vector_spacing << 0x5))), function at exception vector 57 too large)

.vector_58      0x000000009fc01940        0x0
 *(.vector_58)
                0x0000000000000001                ASSERT (((_vector_spacing == 0x0) || (SIZEOF (.vector_58) <= (_vector_spacing << 0x5))), function at exception vector 58 too large)

.vector_59      0x000000009fc01960        0x0
 *(.vector_59)
                0x0000000000000001                ASSERT (((_vector_spacing == 0x0) || (SIZEOF (.vector_59) <= (_vector_spacing << 0x5))), function at exception vector 59 too large)

.vector_60      0x000000009fc01980        0x0
 *(.vector_60)
                0x0000000000000001                ASSERT (((_vector_spacing == 0x0) || (SIZEOF (.vector_60) <= (_vector_spacing << 0x5))), function at exception vector 60 too large)

.vector_61      0x000000009fc019a0        0x0
 *(.vector_61)
                0x0000000000000001                ASSERT (((_vector_spacing == 0x0) || (SIZEOF (.vector_61) <= (_vector_spacing << 0x5))), function at exception vector 61 too large)

.vector_62      0x000000009fc019c0        0x0
 *(.vector_62)
                0x0000000000000001                ASSERT (((_vector_spacing == 0x0) || (SIZEOF (.vector_62) <= (_vector_spacing << 0x5))), function at exception vector 62 too large)

.vector_63      0x000000009fc019e0        0x0
 *(.vector_63)
                0x0000000000000001                ASSERT (((_vector_spacing == 0x0) || (SIZEOF (.vector_63) <= (_vector_spacing << 0x5))), function at exception vector 63 too large)

.startup
 *(.startup)

.text           0x000000009d000000        0x0
 *(.stub .gnu.linkonce.t.*)
 *(.text.*personality*)
 *(.mips16.fn.*)
 *(.mips16.call.*)
 *(.gnu.warning)
                0x000000009d000000                . = ALIGN (0x4)

.init           0x000000009d000000        0x0
 *crti.o(.init)
 *crtbegin.o(.init)
 *(EXCLUDE_FILE(*crtn.o *crtend?.o *crtend.o) .init)
 *crtend.o(.init)
 *crtn.o(.init)
                0x000000009d000000                . = ALIGN (0x4)

.fini           0x000000009d000000        0x0
 *(.fini)
                0x000000009d000000                . = ALIGN (0x4)

.preinit_array  0x000000009d000000        0x0
                [!provide]                        PROVIDE (__preinit_array_start = .)
 *(.preinit_array)
                [!provide]                        PROVIDE (__preinit_array_end = .)
                0x000000009d000000                . = ALIGN (0x4)

.init_array     0x000000009d000000        0x0
                [!provide]                        PROVIDE (__init_array_start = .)
 *(SORT_BY_NAME(.init_array.*))
 *(.init_array)
                [!provide]                        PROVIDE (__init_array_end = .)
                0x000000009d000000                . = ALIGN (0x4)

.fini_array     0x000000009d000000        0x0
                [!provide]                        PROVIDE (__fini_array_start = .)
 *(SORT_BY_NAME(.fini_array.*))
 *(.fini_array)
                [!provide]                        PROVIDE (__fini_array_end = .)
                0x000000009d000000                . = ALIGN (0x4)

.ctors          0x000000009d000000        0x0
 *crtbegin.o(.ctors)
 *crtbegin?.o(.ctors)
 *(EXCLUDE_FILE(*crtend?.o *crtend.o) .ctors)
 *(SORT_BY_NAME(.ctors.*))
 *(.ctors)
                0x000000009d000000                . = ALIGN (0x4)

.dtors          0x000000009d000000        0x0
 *crtbegin.o(.dtors)
 *crtbegin?.o(.dtors)
 *(EXCLUDE_FILE(*crtend?.o *crtend.o) .dtors)
 *(SORT_BY_NAME(.dtors.*))
 *(.dtors)
                0x000000009d000000                . = ALIGN (0x4)

.rodata         0x000000009d000000        0x0
 *(.gnu.linkonce.r.*)
 *(.rodata1)
                0x000000009d000000                . = ALIGN (0x4)

.sdata2         0x000000009d000000        0x0
 *(.sdata2 .sdata2.* .gnu.linkonce.s2.*)
                0x000000009d000000                . = ALIGN (0x4)

.sbss2          0x000000009d000000        0x0
 *(.sbss2 .sbss2.* .gnu.linkonce.sb2.*)
                0x000000009d000000                . = ALIGN (0x4)

.eh_frame_hdr
 *(.eh_frame_hdr)
                0x000000009d000000                . = ALIGN (0x4)

.eh_frame
 *(.eh_frame)
                0x000000009d000000                . = ALIGN (0x4)

.gcc_except_table
 *(.gcc_except_table .gcc_except_table.*)
                0x000000009d000000                . = ALIGN (0x4)

.dbg_data       0x00000000a0000000        0x0
                0x00000000a0000000                . = (. + DEFINED (_DEBUGGER)?0x200:0x0)

.jcr            0x00000000a0000000        0x0
 *(.jcr)
                0x00000000a0000000                . = ALIGN (0x4)

.eh_frame
 *(.eh_frame)
                0x00000000a0000000                . = ALIGN (0x4)

.gcc_except_table
 *(.gcc_except_table .gcc_except_table.*)
                0x00000000a0000000                . = ALIGN (0x4)

.persist        0x00000000a0000000        0x0
                0x00000000a0000000                _persist_begin = .
 *(.persist .persist.*)
                0x00000000a0000000                . = ALIGN (0x4)
                0x00000000a0000000                _persist_end = .

.data           0x00000000a0000000        0x0
 *(.gnu.linkonce.d.*)
 *(.data1)
                0x00000000a0000000                . = ALIGN (0x4)
                0x00000000a0000000                . = .
                0x00000000a0007ff0                _gp = (ALIGN (0x10) + 0x7ff0)

.got            0x00000000a0000000        0x0
 *(.got.plt)
 *(.got)
                0x00000000a0000000                . = ALIGN (0x4)

.sdata          0x00000000a0000000        0x4
                0x00000000a0000000                _sdata_begin = .
 *(.sdata .sdata.* .gnu.linkonce.s.*)
 .sdata         0x00000000a0000000        0x4 c:/program files/microchip/xc32/v4.00/bin/bin/../../lib/gcc/pic32mx/8.3.1/../../../../pic32mx/lib\libpic32.a(xc32_uart.o)
                0x00000000a0000000                __XC_UART
                0x00000000a0000004                . = ALIGN (0x4)
                0x00000000a0000004                _sdata_end = .

.lit8
 *(.lit8)

.lit4
 *(.lit4)
                0x00000000a0000004                . = ALIGN (0x4)
                0x00000000a0000004                _data_end = .
                0x00000000a0000004                _bss_begin = .

.sbss           0x00000000a0000004        0x0
                0x00000000a0000004                _sbss_begin = .
 *(.dynsbss)
 *(.sbss .sbss.* .gnu.linkonce.sb.*)
 *(.scommon)
                0x00000000a0000004                _sbss_end = .
                0x00000000a0000004                . = ALIGN (0x4)

.bss            0x00000000a0000004        0x0
 *(.dynbss)
 *(COMMON)
                0x00000000a0000004                . = ALIGN ((. != 0x0)?0x4:0x1)
                0x00000000a0000004                . = ALIGN (0x4)
                0x00000000a0000004                _end = .
                0x00000000a0000004                _bss_end = .
                0x0000000000020000                _bmxdudba_address = LENGTH (kseg1_data_mem)
                0x0000000000020000                _bmxdupba_address = LENGTH (kseg1_data_mem)

/DISCARD/
 *(.pdr)
 *(.rel.dyn)
 *(.note.GNU-stack)
 *(.note.GNU-stack)
 *(.gnu_debuglink)
 *(.gnu.lto_*)
 *(.discard)

.gptab.sdata
 *(.gptab.data)
 *(.gptab.sdata)

.gptab.sbss
 *(.gptab.bss)
 *(.gptab.sbss)

.mdebug.abi32   0x0000000000000000        0x0
 *(.mdebug.abi32)
 .mdebug.abi32  0x0000000000000000        0x0 build/default/production/sourceOfFiles/and08479_main.o
 .mdebug.abi32  0x0000000000000000        0x0 build/default/production/sourceOfFiles/uart1_setup.o
 .mdebug.abi32  0x0000000000000000        0x0 build/default/production/sourceOfFiles/io_setup.o
 .mdebug.abi32  0x0000000000000000        0x0 ..\and08479_ee4341_accelerometer_spi.X\dist\default\production\and08479_ee4341_accelerometer_spi.X.a(accel_define.o)
 .mdebug.abi32  0x0000000000000000        0x0 ..\and08479_ee4341_accelerometer_spi.X\dist\default\production\and08479_ee4341_accelerometer_spi.X.a(accel_read_x.o)
 .mdebug.abi32  0x0000000000000000        0x0 ..\and08479_ee4341_accelerometer_spi.X\dist\default\production\and08479_ee4341_accelerometer_spi.X.a(accel_read_y.o)
 .mdebug.abi32  0x0000000000000000        0x0 ..\and08479_ee4341_accelerometer_spi.X\dist\default\production\and08479_ee4341_accelerometer_spi.X.a(accel_setup.o)
 .mdebug.abi32  0x0000000000000000        0x0 ..\and08479_ee4341_accelerometer_spi.X\dist\default\production\and08479_ee4341_accelerometer_spi.X.a(spi2_read_register.o)
 .mdebug.abi32  0x0000000000000000        0x0 ..\and08479_ee4341_accelerometer_spi.X\dist\default\production\and08479_ee4341_accelerometer_spi.X.a(spi2_setup.o)
 .mdebug.abi32  0x0000000000000000        0x0 ..\and08479_ee4341_accelerometer_spi.X\dist\default\production\and08479_ee4341_accelerometer_spi.X.a(spi2_write_register.o)
 .mdebug.abi32  0x0000000000000000        0x0 c:/program files/microchip/xc32/v4.00/bin/bin/../../lib/gcc/pic32mx/8.3.1/../../../../pic32mx/lib\libpic32.a(default-bootstrap-exception-handler.o)
 .mdebug.abi32  0x0000000000000000        0x0 c:/program files/microchip/xc32/v4.00/bin/bin/../../lib/gcc/pic32mx/8.3.1/../../../../pic32mx/lib\libpic32.a(default-on-reset.o)
 .mdebug.abi32  0x0000000000000000        0x0 c:/program files/microchip/xc32/v4.00/bin/bin/../../lib/gcc/pic32mx/8.3.1/../../../../pic32mx/lib\libpic32.a(default-on-bootstrap.o)
 .mdebug.abi32  0x0000000000000000        0x0 c:/program files/microchip/xc32/v4.00/bin/bin/../../lib/gcc/pic32mx/8.3.1/../../../../pic32mx/lib\libpic32.a(xc32_uart.o)
 .mdebug.abi32  0x0000000000000000        0x0 c:/program files/microchip/xc32/v4.00/bin/bin/../../lib/gcc/pic32mx/8.3.1/../../../../pic32mx/lib\libpic32.a(default-general-exception-handler.o)
 .mdebug.abi32  0x0000000000000000        0x0 c:/program files/microchip/xc32/v4.00/bin/bin/../../lib/gcc/pic32mx/8.3.1/../../../../pic32mx/lib\libpic32.a(defaultinterrupt.o)
 .mdebug.abi32  0x0000000000000000        0x0 c:/program files/microchip/xc32/v4.00/bin/bin/../../lib/gcc/pic32mx/8.3.1/../../../../pic32mx/lib\libc-musl.a(__sio_printf_0.o)
 .mdebug.abi32  0x0000000000000000        0x0 c:/program files/microchip/xc32/v4.00/bin/bin/../../lib/gcc/pic32mx/8.3.1/../../../../pic32mx/lib\libc-musl.a(__sio_printf_s.o)
 .mdebug.abi32  0x0000000000000000        0x0 c:/program files/microchip/xc32/v4.00/bin/bin/../../lib/gcc/pic32mx/8.3.1/../../../../pic32mx/lib\libc-musl.a(__sio_sprintf_f.o)
 .mdebug.abi32  0x0000000000000000        0x0 c:/program files/microchip/xc32/v4.00/bin/bin/../../lib/gcc/pic32mx/8.3.1/../../../../pic32mx/lib\libc-musl.a(__fmt_fp.o)
 .mdebug.abi32  0x0000000000000000        0x0 c:/program files/microchip/xc32/v4.00/bin/bin/../../lib/gcc/pic32mx/8.3.1/../../../../pic32mx/lib\libc-musl.a(__fmt_s.o)
 .mdebug.abi32  0x0000000000000000        0x0 c:/program files/microchip/xc32/v4.00/bin/bin/../../lib/gcc/pic32mx/8.3.1/../../../../pic32mx/lib\libc-musl.a(__printf_core.o)
 .mdebug.abi32  0x0000000000000000        0x0 c:/program files/microchip/xc32/v4.00/bin/bin/../../lib/gcc/pic32mx/8.3.1/../../../../pic32mx/lib\libc-musl.a(stdout.o)
 .mdebug.abi32  0x0000000000000000        0x0 c:/program files/microchip/xc32/v4.00/bin/bin/../../lib/gcc/pic32mx/8.3.1/../../../../pic32mx/lib\libc-musl.a(putchar.o)
 .mdebug.abi32  0x0000000000000000        0x0 c:/program files/microchip/xc32/v4.00/bin/bin/../../lib/gcc/pic32mx/8.3.1/../../../../pic32mx/lib\libc-musl.a(puts.o)
 .mdebug.abi32  0x0000000000000000        0x0 c:/program files/microchip/xc32/v4.00/bin/bin/../../lib/gcc/pic32mx/8.3.1/../../../../pic32mx/lib\libc-musl.a(atoi.o)
 .mdebug.abi32  0x0000000000000000        0x0 c:/program files/microchip/xc32/v4.00/bin/bin/../../lib/gcc/pic32mx/8.3.1/../../../../pic32mx/lib\libc-musl.a(memcpy.o)
 .mdebug.abi32  0x0000000000000000        0x0 c:/program files/microchip/xc32/v4.00/bin/bin/../../lib/gcc/pic32mx/8.3.1/../../../../pic32mx/lib\libc-musl.a(memset.o)
 .mdebug.abi32  0x0000000000000000        0x0 c:/program files/microchip/xc32/v4.00/bin/bin/../../lib/gcc/pic32mx/8.3.1/../../../../pic32mx/lib\libc-musl.a(strlen.o)
 .mdebug.abi32  0x0000000000000000        0x0 c:/program files/microchip/xc32/v4.00/bin/bin/../../lib/gcc/pic32mx/8.3.1/../../../../pic32mx/lib\libc-musl.a(strcpy.o)
 .mdebug.abi32  0x0000000000000000        0x0 c:/program files/microchip/xc32/v4.00/bin/bin/../../lib/gcc/pic32mx/8.3.1/../../../../pic32mx/lib\libc-musl.a(tolower.o)
 .mdebug.abi32  0x0000000000000000        0x0 c:/program files/microchip/xc32/v4.00/bin/bin/../../lib/gcc/pic32mx/8.3.1/../../../../pic32mx/lib\libc-musl.a(__int_vfprintf.o)
 .mdebug.abi32  0x0000000000000000        0x0 c:/program files/microchip/xc32/v4.00/bin/bin/../../lib/gcc/pic32mx/8.3.1/../../../../pic32mx/lib\libc-musl.a(__int_vsprintf.o)
 .mdebug.abi32  0x0000000000000000        0x0 c:/program files/microchip/xc32/v4.00/bin/bin/../../lib/gcc/pic32mx/8.3.1/../../../../pic32mx/lib\libc-musl.a(fputs.o)
 .mdebug.abi32  0x0000000000000000        0x0 c:/program files/microchip/xc32/v4.00/bin/bin/../../lib/gcc/pic32mx/8.3.1/../../../../pic32mx/lib\libc-musl.a(__fopen.o)
 .mdebug.abi32  0x0000000000000000        0x0 c:/program files/microchip/xc32/v4.00/bin/bin/../../lib/gcc/pic32mx/8.3.1/../../../../pic32mx/lib\libc-musl.a(__io_init_needed.o)
 .mdebug.abi32  0x0000000000000000        0x0 c:/program files/microchip/xc32/v4.00/bin/bin/../../lib/gcc/pic32mx/8.3.1/../../../../pic32mx/lib\libc-musl.a(__out.o)
 .mdebug.abi32  0x0000000000000000        0x0 c:/program files/microchip/xc32/v4.00/bin/bin/../../lib/gcc/pic32mx/8.3.1/../../../../pic32mx/lib\libc-musl.a(__pop_float.o)
 .mdebug.abi32  0x0000000000000000        0x0 c:/program files/microchip/xc32/v4.00/bin/bin/../../lib/gcc/pic32mx/8.3.1/../../../../pic32mx/lib\libc-musl.a(__pop_int.o)
 .mdebug.abi32  0x0000000000000000        0x0 c:/program files/microchip/xc32/v4.00/bin/bin/../../lib/gcc/pic32mx/8.3.1/../../../../pic32mx/lib\libc-musl.a(__pop_ptr.o)
 .mdebug.abi32  0x0000000000000000        0x0 c:/program files/microchip/xc32/v4.00/bin/bin/../../lib/gcc/pic32mx/8.3.1/../../../../pic32mx/lib\libc-musl.a(__stdio_close.o)
 .mdebug.abi32  0x0000000000000000        0x0 c:/program files/microchip/xc32/v4.00/bin/bin/../../lib/gcc/pic32mx/8.3.1/../../../../pic32mx/lib\libc-musl.a(fwrite.o)
 .mdebug.abi32  0x0000000000000000        0x0 c:/program files/microchip/xc32/v4.00/bin/bin/../../lib/gcc/pic32mx/8.3.1/../../../../pic32mx/lib\libc-musl.a(putc.o)
 .mdebug.abi32  0x0000000000000000        0x0 c:/program files/microchip/xc32/v4.00/bin/bin/../../lib/gcc/pic32mx/8.3.1/../../../../pic32mx/lib\libc-musl.a(stpcpy.o)
 .mdebug.abi32  0x0000000000000000        0x0 c:/program files/microchip/xc32/v4.00/bin/bin/../../lib/gcc/pic32mx/8.3.1/../../../../pic32mx/lib\libc-musl.a(malloc.o)
 .mdebug.abi32  0x0000000000000000        0x0 c:/program files/microchip/xc32/v4.00/bin/bin/../../lib/gcc/pic32mx/8.3.1/../../../../pic32mx/lib\libc-musl.a(expand_heap.o)
 .mdebug.abi32  0x0000000000000000        0x0 c:/program files/microchip/xc32/v4.00/bin/bin/../../lib/gcc/pic32mx/8.3.1/../../../../pic32mx/lib\libc-musl.a(__int_vsnprintf.o)
 .mdebug.abi32  0x0000000000000000        0x0 c:/program files/microchip/xc32/v4.00/bin/bin/../../lib/gcc/pic32mx/8.3.1/../../../../pic32mx/lib\libc-musl.a(__init_stdio.o)
 .mdebug.abi32  0x0000000000000000        0x0 c:/program files/microchip/xc32/v4.00/bin/bin/../../lib/gcc/pic32mx/8.3.1/../../../../pic32mx/lib\libc-musl.a(__io_file_needed.o)
 .mdebug.abi32  0x0000000000000000        0x0 c:/program files/microchip/xc32/v4.00/bin/bin/../../lib/gcc/pic32mx/8.3.1/../../../../pic32mx/lib\libc-musl.a(libc.o)
 .mdebug.abi32  0x0000000000000000        0x0 c:/program files/microchip/xc32/v4.00/bin/bin/../../lib/gcc/pic32mx/8.3.1/../../../../pic32mx/lib\libm-musl.a(fma.o)
 .mdebug.abi32  0x0000000000000000        0x0 c:/program files/microchip/xc32/v4.00/bin/bin/../../lib/gcc/pic32mx/8.3.1/../../../../pic32mx/lib\libm-musl.a(scalbn.o)
 .mdebug.abi32  0x0000000000000000        0x0 c:/program files/microchip/xc32/v4.00/bin/bin/../../lib/gcc/pic32mx/8.3.1/../../../../pic32mx/lib\libpic32.a(sbrk.o)
 .mdebug.abi32  0x0000000000000000        0x0 c:/program files/microchip/xc32/v4.00/bin/bin/../../lib/gcc/pic32mx/8.3.1/../../../../pic32mx/lib\libpic32.a(write.o)
 .mdebug.abi32  0x0000000000000000        0x0 c:/program files/microchip/xc32/v4.00/bin/bin/../../lib/gcc/pic32mx/8.3.1/../../../../pic32mx/lib\libpic32.a(lseek.o)
 .mdebug.abi32  0x0000000000000000        0x0 c:/program files/microchip/xc32/v4.00/bin/bin/../../lib/gcc/pic32mx/8.3.1/../../../../pic32mx/lib\libpic32.a(close.o)
 .mdebug.abi32  0x0000000000000000        0x0 c:/program files/microchip/xc32/v4.00/bin/bin/../../lib/gcc/pic32mx/8.3.1/../../../../pic32mx/lib\libpic32.a(errno.o)
 .mdebug.abi32  0x0000000000000000        0x0 c:/program files/microchip/xc32/v4.00/bin/bin/../../lib/gcc/pic32mx/8.3.1/../../../../pic32mx/lib\libpic32.a(_mon_putc.o)
 .mdebug.abi32  0x0000000000000000        0x0 c:/program files/microchip/xc32/v4.00/bin/bin/../../lib/gcc/pic32mx/8.3.1/../../../../pic32mx/lib\libe.a(_floatdidf.o)
 .mdebug.abi32  0x0000000000000000        0x0 c:/program files/microchip/xc32/v4.00/bin/bin/../../lib/gcc/pic32mx/8.3.1\libgcc.a(_lshrdi3.o)
 .mdebug.abi32  0x0000000000000000        0x0 c:/program files/microchip/xc32/v4.00/bin/bin/../../lib/gcc/pic32mx/8.3.1\libgcc.a(_ashldi3.o)

.mdebug.abiN32
 *(.mdebug.abiN32)

.mdebug.abi64
 *(.mdebug.abi64)

.mdebug.abiO64
 *(.mdebug.abiO64)

.mdebug.eabi32
 *(.mdebug.eabi32)

.mdebug.eabi64
 *(.mdebug.eabi64)

.gcc_compiled_long32
 *(.gcc_compiled_long32)

.gcc_compiled_long64
 *(.gcc_compiled_long64)

.stab
 *(.stab)

.stabstr
 *(.stabstr)

.stab.excl
 *(.stab.excl)

.stab.exclstr
 *(.stab.exclstr)

.stab.index
 *(.stab.index)

.stab.indexstr
 *(.stab.indexstr)

.comment        0x0000000000000000      0x178
 *(.comment)
 .comment       0x0000000000000000       0x53 build/default/production/sourceOfFiles/and08479_main.o
                                         0x54 (size before relaxing)
 .comment       0x0000000000000053       0x54 build/default/production/sourceOfFiles/uart1_setup.o
 .comment       0x0000000000000053       0x54 build/default/production/sourceOfFiles/io_setup.o
 .comment       0x0000000000000053       0x3c ..\and08479_ee4341_accelerometer_spi.X\dist\default\production\and08479_ee4341_accelerometer_spi.X.a(accel_define.o)
                                         0x3d (size before relaxing)
 .comment       0x000000000000008f       0x3d ..\and08479_ee4341_accelerometer_spi.X\dist\default\production\and08479_ee4341_accelerometer_spi.X.a(accel_read_x.o)
 .comment       0x000000000000008f       0x3d ..\and08479_ee4341_accelerometer_spi.X\dist\default\production\and08479_ee4341_accelerometer_spi.X.a(accel_read_y.o)
 .comment       0x000000000000008f       0x3d ..\and08479_ee4341_accelerometer_spi.X\dist\default\production\and08479_ee4341_accelerometer_spi.X.a(accel_setup.o)
 .comment       0x000000000000008f       0x3d ..\and08479_ee4341_accelerometer_spi.X\dist\default\production\and08479_ee4341_accelerometer_spi.X.a(spi2_read_register.o)
 .comment       0x000000000000008f       0x3d ..\and08479_ee4341_accelerometer_spi.X\dist\default\production\and08479_ee4341_accelerometer_spi.X.a(spi2_setup.o)
 .comment       0x000000000000008f       0x3d ..\and08479_ee4341_accelerometer_spi.X\dist\default\production\and08479_ee4341_accelerometer_spi.X.a(spi2_write_register.o)
 .comment       0x000000000000008f       0x54 c:/program files/microchip/xc32/v4.00/bin/bin/../../lib/gcc/pic32mx/8.3.1/../../../../pic32mx/lib\libpic32.a(default-bootstrap-exception-handler.o)
 .comment       0x000000000000008f       0x54 c:/program files/microchip/xc32/v4.00/bin/bin/../../lib/gcc/pic32mx/8.3.1/../../../../pic32mx/lib\libpic32.a(default-on-reset.o)
 .comment       0x000000000000008f       0x54 c:/program files/microchip/xc32/v4.00/bin/bin/../../lib/gcc/pic32mx/8.3.1/../../../../pic32mx/lib\libpic32.a(default-on-bootstrap.o)
 .comment       0x000000000000008f       0x54 c:/program files/microchip/xc32/v4.00/bin/bin/../../lib/gcc/pic32mx/8.3.1/../../../../pic32mx/lib\libpic32.a(xc32_uart.o)
 .comment       0x000000000000008f       0x54 c:/program files/microchip/xc32/v4.00/bin/bin/../../lib/gcc/pic32mx/8.3.1/../../../../pic32mx/lib\libpic32.a(default-general-exception-handler.o)
 .comment       0x000000000000008f       0x54 c:/program files/microchip/xc32/v4.00/bin/bin/../../lib/gcc/pic32mx/8.3.1/../../../../pic32mx/lib\libpic32.a(defaultinterrupt.o)
 .comment       0x000000000000008f       0x54 c:/program files/microchip/xc32/v4.00/bin/bin/../../lib/gcc/pic32mx/8.3.1/../../../../pic32mx/lib\libc-musl.a(__sio_printf_0.o)
 .comment       0x000000000000008f       0x54 c:/program files/microchip/xc32/v4.00/bin/bin/../../lib/gcc/pic32mx/8.3.1/../../../../pic32mx/lib\libc-musl.a(__sio_printf_s.o)
 .comment       0x000000000000008f       0x54 c:/program files/microchip/xc32/v4.00/bin/bin/../../lib/gcc/pic32mx/8.3.1/../../../../pic32mx/lib\libc-musl.a(__sio_sprintf_f.o)
 .comment       0x000000000000008f       0x54 c:/program files/microchip/xc32/v4.00/bin/bin/../../lib/gcc/pic32mx/8.3.1/../../../../pic32mx/lib\libc-musl.a(__fmt_fp.o)
 .comment       0x000000000000008f       0x54 c:/program files/microchip/xc32/v4.00/bin/bin/../../lib/gcc/pic32mx/8.3.1/../../../../pic32mx/lib\libc-musl.a(__fmt_s.o)
 .comment       0x000000000000008f       0x54 c:/program files/microchip/xc32/v4.00/bin/bin/../../lib/gcc/pic32mx/8.3.1/../../../../pic32mx/lib\libc-musl.a(__printf_core.o)
 .comment       0x000000000000008f       0x54 c:/program files/microchip/xc32/v4.00/bin/bin/../../lib/gcc/pic32mx/8.3.1/../../../../pic32mx/lib\libc-musl.a(stdout.o)
 .comment       0x000000000000008f       0x54 c:/program files/microchip/xc32/v4.00/bin/bin/../../lib/gcc/pic32mx/8.3.1/../../../../pic32mx/lib\libc-musl.a(putchar.o)
 .comment       0x000000000000008f       0x54 c:/program files/microchip/xc32/v4.00/bin/bin/../../lib/gcc/pic32mx/8.3.1/../../../../pic32mx/lib\libc-musl.a(puts.o)
 .comment       0x000000000000008f       0x54 c:/program files/microchip/xc32/v4.00/bin/bin/../../lib/gcc/pic32mx/8.3.1/../../../../pic32mx/lib\libc-musl.a(atoi.o)
 .comment       0x000000000000008f       0x54 c:/program files/microchip/xc32/v4.00/bin/bin/../../lib/gcc/pic32mx/8.3.1/../../../../pic32mx/lib\libc-musl.a(memcpy.o)
 .comment       0x000000000000008f       0x54 c:/program files/microchip/xc32/v4.00/bin/bin/../../lib/gcc/pic32mx/8.3.1/../../../../pic32mx/lib\libc-musl.a(memset.o)
 .comment       0x000000000000008f       0x54 c:/program files/microchip/xc32/v4.00/bin/bin/../../lib/gcc/pic32mx/8.3.1/../../../../pic32mx/lib\libc-musl.a(strlen.o)
 .comment       0x000000000000008f       0x54 c:/program files/microchip/xc32/v4.00/bin/bin/../../lib/gcc/pic32mx/8.3.1/../../../../pic32mx/lib\libc-musl.a(strcpy.o)
 .comment       0x000000000000008f       0x54 c:/program files/microchip/xc32/v4.00/bin/bin/../../lib/gcc/pic32mx/8.3.1/../../../../pic32mx/lib\libc-musl.a(tolower.o)
 .comment       0x000000000000008f       0x54 c:/program files/microchip/xc32/v4.00/bin/bin/../../lib/gcc/pic32mx/8.3.1/../../../../pic32mx/lib\libc-musl.a(__int_vfprintf.o)
 .comment       0x000000000000008f       0x54 c:/program files/microchip/xc32/v4.00/bin/bin/../../lib/gcc/pic32mx/8.3.1/../../../../pic32mx/lib\libc-musl.a(__int_vsprintf.o)
 .comment       0x000000000000008f       0x54 c:/program files/microchip/xc32/v4.00/bin/bin/../../lib/gcc/pic32mx/8.3.1/../../../../pic32mx/lib\libc-musl.a(fputs.o)
 .comment       0x000000000000008f       0x54 c:/program files/microchip/xc32/v4.00/bin/bin/../../lib/gcc/pic32mx/8.3.1/../../../../pic32mx/lib\libc-musl.a(__fopen.o)
 .comment       0x000000000000008f       0x54 c:/program files/microchip/xc32/v4.00/bin/bin/../../lib/gcc/pic32mx/8.3.1/../../../../pic32mx/lib\libc-musl.a(__io_init_needed.o)
 .comment       0x000000000000008f       0x54 c:/program files/microchip/xc32/v4.00/bin/bin/../../lib/gcc/pic32mx/8.3.1/../../../../pic32mx/lib\libc-musl.a(__out.o)
 .comment       0x000000000000008f       0x54 c:/program files/microchip/xc32/v4.00/bin/bin/../../lib/gcc/pic32mx/8.3.1/../../../../pic32mx/lib\libc-musl.a(__pop_float.o)
 .comment       0x000000000000008f       0x54 c:/program files/microchip/xc32/v4.00/bin/bin/../../lib/gcc/pic32mx/8.3.1/../../../../pic32mx/lib\libc-musl.a(__pop_int.o)
 .comment       0x000000000000008f       0x54 c:/program files/microchip/xc32/v4.00/bin/bin/../../lib/gcc/pic32mx/8.3.1/../../../../pic32mx/lib\libc-musl.a(__pop_ptr.o)
 .comment       0x000000000000008f       0x54 c:/program files/microchip/xc32/v4.00/bin/bin/../../lib/gcc/pic32mx/8.3.1/../../../../pic32mx/lib\libc-musl.a(__stdio_close.o)
 .comment       0x000000000000008f       0x54 c:/program files/microchip/xc32/v4.00/bin/bin/../../lib/gcc/pic32mx/8.3.1/../../../../pic32mx/lib\libc-musl.a(fwrite.o)
 .comment       0x000000000000008f       0x54 c:/program files/microchip/xc32/v4.00/bin/bin/../../lib/gcc/pic32mx/8.3.1/../../../../pic32mx/lib\libc-musl.a(putc.o)
 .comment       0x000000000000008f       0x54 c:/program files/microchip/xc32/v4.00/bin/bin/../../lib/gcc/pic32mx/8.3.1/../../../../pic32mx/lib\libc-musl.a(stpcpy.o)
 .comment       0x000000000000008f       0x54 c:/program files/microchip/xc32/v4.00/bin/bin/../../lib/gcc/pic32mx/8.3.1/../../../../pic32mx/lib\libc-musl.a(malloc.o)
 .comment       0x000000000000008f       0x54 c:/program files/microchip/xc32/v4.00/bin/bin/../../lib/gcc/pic32mx/8.3.1/../../../../pic32mx/lib\libc-musl.a(expand_heap.o)
 .comment       0x000000000000008f       0x54 c:/program files/microchip/xc32/v4.00/bin/bin/../../lib/gcc/pic32mx/8.3.1/../../../../pic32mx/lib\libc-musl.a(__int_vsnprintf.o)
 .comment       0x000000000000008f       0x54 c:/program files/microchip/xc32/v4.00/bin/bin/../../lib/gcc/pic32mx/8.3.1/../../../../pic32mx/lib\libc-musl.a(__init_stdio.o)
 .comment       0x000000000000008f       0x54 c:/program files/microchip/xc32/v4.00/bin/bin/../../lib/gcc/pic32mx/8.3.1/../../../../pic32mx/lib\libc-musl.a(__io_file_needed.o)
 .comment       0x000000000000008f       0x54 c:/program files/microchip/xc32/v4.00/bin/bin/../../lib/gcc/pic32mx/8.3.1/../../../../pic32mx/lib\libc-musl.a(libc.o)
 .comment       0x000000000000008f       0x54 c:/program files/microchip/xc32/v4.00/bin/bin/../../lib/gcc/pic32mx/8.3.1/../../../../pic32mx/lib\libm-musl.a(fma.o)
 .comment       0x000000000000008f       0x54 c:/program files/microchip/xc32/v4.00/bin/bin/../../lib/gcc/pic32mx/8.3.1/../../../../pic32mx/lib\libm-musl.a(scalbn.o)
 .comment       0x000000000000008f       0x4b c:/program files/microchip/xc32/v4.00/bin/bin/../../lib/gcc/pic32mx/8.3.1/../../../../pic32mx/lib\libpic32.a(sbrk.o)
                                         0x9f (size before relaxing)
 .comment       0x00000000000000da       0x54 c:/program files/microchip/xc32/v4.00/bin/bin/../../lib/gcc/pic32mx/8.3.1/../../../../pic32mx/lib\libpic32.a(write.o)
 .comment       0x00000000000000da       0x54 c:/program files/microchip/xc32/v4.00/bin/bin/../../lib/gcc/pic32mx/8.3.1/../../../../pic32mx/lib\libpic32.a(lseek.o)
 .comment       0x00000000000000da       0x54 c:/program files/microchip/xc32/v4.00/bin/bin/../../lib/gcc/pic32mx/8.3.1/../../../../pic32mx/lib\libpic32.a(close.o)
 .comment       0x00000000000000da       0x54 c:/program files/microchip/xc32/v4.00/bin/bin/../../lib/gcc/pic32mx/8.3.1/../../../../pic32mx/lib\libpic32.a(errno.o)
 .comment       0x00000000000000da       0x54 c:/program files/microchip/xc32/v4.00/bin/bin/../../lib/gcc/pic32mx/8.3.1/../../../../pic32mx/lib\libpic32.a(_mon_putc.o)
 .comment       0x00000000000000da       0x9e c:/program files/microchip/xc32/v4.00/bin/bin/../../lib/gcc/pic32mx/8.3.1/../../../../pic32mx/lib\libe.a(_floatdidf.o)
                                         0xf2 (size before relaxing)
 .comment       0x0000000000000178       0x54 c:/program files/microchip/xc32/v4.00/bin/bin/../../lib/gcc/pic32mx/8.3.1\libgcc.a(_lshrdi3.o)
 .comment       0x0000000000000178       0x54 c:/program files/microchip/xc32/v4.00/bin/bin/../../lib/gcc/pic32mx/8.3.1\libgcc.a(_ashldi3.o)

.debug
 *.elf(.debug)
 *(.debug)

.line
 *.elf(.line)
 *(.line)

.debug_srcinfo
 *.elf(.debug_srcinfo)
 *(.debug_srcinfo)

.debug_sfnames
 *.elf(.debug_sfnames)
 *(.debug_sfnames)

.debug_aranges  0x0000000000000000      0x878
 *.elf(.debug_aranges)
 *(.debug_aranges)
 .debug_aranges
                0x0000000000000000       0x20 build/default/production/sourceOfFiles/and08479_main.o
 .debug_aranges
                0x0000000000000020       0x20 build/default/production/sourceOfFiles/uart1_setup.o
 .debug_aranges
                0x0000000000000040       0x20 build/default/production/sourceOfFiles/io_setup.o
 .debug_aranges
                0x0000000000000060       0x20 ..\and08479_ee4341_accelerometer_spi.X\dist\default\production\and08479_ee4341_accelerometer_spi.X.a(accel_define.o)
 .debug_aranges
                0x0000000000000080       0x20 ..\and08479_ee4341_accelerometer_spi.X\dist\default\production\and08479_ee4341_accelerometer_spi.X.a(accel_read_x.o)
 .debug_aranges
                0x00000000000000a0       0x20 ..\and08479_ee4341_accelerometer_spi.X\dist\default\production\and08479_ee4341_accelerometer_spi.X.a(accel_read_y.o)
 .debug_aranges
                0x00000000000000c0       0x20 ..\and08479_ee4341_accelerometer_spi.X\dist\default\production\and08479_ee4341_accelerometer_spi.X.a(accel_setup.o)
 .debug_aranges
                0x00000000000000e0       0x20 ..\and08479_ee4341_accelerometer_spi.X\dist\default\production\and08479_ee4341_accelerometer_spi.X.a(spi2_read_register.o)
 .debug_aranges
                0x0000000000000100       0x20 ..\and08479_ee4341_accelerometer_spi.X\dist\default\production\and08479_ee4341_accelerometer_spi.X.a(spi2_setup.o)
 .debug_aranges
                0x0000000000000120       0x20 ..\and08479_ee4341_accelerometer_spi.X\dist\default\production\and08479_ee4341_accelerometer_spi.X.a(spi2_write_register.o)
 .debug_aranges
                0x0000000000000140       0x20 c:/program files/microchip/xc32/v4.00/bin/bin/../../lib/gcc/pic32mx/8.3.1/../../../../pic32mx/lib\libpic32.a(default-bootstrap-exception-handler.o)
 .debug_aranges
                0x0000000000000160       0x20 c:/program files/microchip/xc32/v4.00/bin/bin/../../lib/gcc/pic32mx/8.3.1/../../../../pic32mx/lib\libpic32.a(default-on-reset.o)
 .debug_aranges
                0x0000000000000180       0x20 c:/program files/microchip/xc32/v4.00/bin/bin/../../lib/gcc/pic32mx/8.3.1/../../../../pic32mx/lib\libpic32.a(default-on-bootstrap.o)
 .debug_aranges
                0x00000000000001a0       0x20 c:/program files/microchip/xc32/v4.00/bin/bin/../../lib/gcc/pic32mx/8.3.1/../../../../pic32mx/lib\libpic32.a(default-general-exception-handler.o)
 .debug_aranges
                0x00000000000001c0       0x20 c:/program files/microchip/xc32/v4.00/bin/bin/../../lib/gcc/pic32mx/8.3.1/../../../../pic32mx/lib\libpic32.a(defaultinterrupt.o)
 .debug_aranges
                0x00000000000001e0       0x28 c:/program files/microchip/xc32/v4.00/bin/bin/../../lib/gcc/pic32mx/8.3.1/../../../../pic32mx/lib\libc-musl.a(__sio_printf_0.o)
 .debug_aranges
                0x0000000000000208       0x28 c:/program files/microchip/xc32/v4.00/bin/bin/../../lib/gcc/pic32mx/8.3.1/../../../../pic32mx/lib\libc-musl.a(__sio_printf_s.o)
 .debug_aranges
                0x0000000000000230       0x28 c:/program files/microchip/xc32/v4.00/bin/bin/../../lib/gcc/pic32mx/8.3.1/../../../../pic32mx/lib\libc-musl.a(__sio_sprintf_f.o)
 .debug_aranges
                0x0000000000000258       0x20 c:/program files/microchip/xc32/v4.00/bin/bin/../../lib/gcc/pic32mx/8.3.1/../../../../pic32mx/lib\libc-musl.a(__fmt_fp.o)
 .debug_aranges
                0x0000000000000278       0x20 c:/program files/microchip/xc32/v4.00/bin/bin/../../lib/gcc/pic32mx/8.3.1/../../../../pic32mx/lib\libc-musl.a(__fmt_s.o)
 .debug_aranges
                0x0000000000000298       0x50 c:/program files/microchip/xc32/v4.00/bin/bin/../../lib/gcc/pic32mx/8.3.1/../../../../pic32mx/lib\libc-musl.a(__printf_core.o)
 .debug_aranges
                0x00000000000002e8       0x28 c:/program files/microchip/xc32/v4.00/bin/bin/../../lib/gcc/pic32mx/8.3.1/../../../../pic32mx/lib\libc-musl.a(stdout.o)
 .debug_aranges
                0x0000000000000310       0x20 c:/program files/microchip/xc32/v4.00/bin/bin/../../lib/gcc/pic32mx/8.3.1/../../../../pic32mx/lib\libc-musl.a(putchar.o)
 .debug_aranges
                0x0000000000000330       0x20 c:/program files/microchip/xc32/v4.00/bin/bin/../../lib/gcc/pic32mx/8.3.1/../../../../pic32mx/lib\libc-musl.a(puts.o)
 .debug_aranges
                0x0000000000000350       0x20 c:/program files/microchip/xc32/v4.00/bin/bin/../../lib/gcc/pic32mx/8.3.1/../../../../pic32mx/lib\libc-musl.a(atoi.o)
 .debug_aranges
                0x0000000000000370       0x20 c:/program files/microchip/xc32/v4.00/bin/bin/../../lib/gcc/pic32mx/8.3.1/../../../../pic32mx/lib\libc-musl.a(memcpy.o)
 .debug_aranges
                0x0000000000000390       0x20 c:/program files/microchip/xc32/v4.00/bin/bin/../../lib/gcc/pic32mx/8.3.1/../../../../pic32mx/lib\libc-musl.a(memset.o)
 .debug_aranges
                0x00000000000003b0       0x20 c:/program files/microchip/xc32/v4.00/bin/bin/../../lib/gcc/pic32mx/8.3.1/../../../../pic32mx/lib\libc-musl.a(strlen.o)
 .debug_aranges
                0x00000000000003d0       0x20 c:/program files/microchip/xc32/v4.00/bin/bin/../../lib/gcc/pic32mx/8.3.1/../../../../pic32mx/lib\libc-musl.a(strcpy.o)
 .debug_aranges
                0x00000000000003f0       0x28 c:/program files/microchip/xc32/v4.00/bin/bin/../../lib/gcc/pic32mx/8.3.1/../../../../pic32mx/lib\libc-musl.a(tolower.o)
 .debug_aranges
                0x0000000000000418       0x20 c:/program files/microchip/xc32/v4.00/bin/bin/../../lib/gcc/pic32mx/8.3.1/../../../../pic32mx/lib\libc-musl.a(__int_vfprintf.o)
 .debug_aranges
                0x0000000000000438       0x20 c:/program files/microchip/xc32/v4.00/bin/bin/../../lib/gcc/pic32mx/8.3.1/../../../../pic32mx/lib\libc-musl.a(__int_vsprintf.o)
 .debug_aranges
                0x0000000000000458       0x20 c:/program files/microchip/xc32/v4.00/bin/bin/../../lib/gcc/pic32mx/8.3.1/../../../../pic32mx/lib\libc-musl.a(fputs.o)
 .debug_aranges
                0x0000000000000478       0x30 c:/program files/microchip/xc32/v4.00/bin/bin/../../lib/gcc/pic32mx/8.3.1/../../../../pic32mx/lib\libc-musl.a(__fopen.o)
 .debug_aranges
                0x00000000000004a8       0x28 c:/program files/microchip/xc32/v4.00/bin/bin/../../lib/gcc/pic32mx/8.3.1/../../../../pic32mx/lib\libc-musl.a(__io_init_needed.o)
 .debug_aranges
                0x00000000000004d0       0x28 c:/program files/microchip/xc32/v4.00/bin/bin/../../lib/gcc/pic32mx/8.3.1/../../../../pic32mx/lib\libc-musl.a(__out.o)
 .debug_aranges
                0x00000000000004f8       0x20 c:/program files/microchip/xc32/v4.00/bin/bin/../../lib/gcc/pic32mx/8.3.1/../../../../pic32mx/lib\libc-musl.a(__pop_float.o)
 .debug_aranges
                0x0000000000000518       0x20 c:/program files/microchip/xc32/v4.00/bin/bin/../../lib/gcc/pic32mx/8.3.1/../../../../pic32mx/lib\libc-musl.a(__pop_int.o)
 .debug_aranges
                0x0000000000000538       0x20 c:/program files/microchip/xc32/v4.00/bin/bin/../../lib/gcc/pic32mx/8.3.1/../../../../pic32mx/lib\libc-musl.a(__pop_ptr.o)
 .debug_aranges
                0x0000000000000558       0x28 c:/program files/microchip/xc32/v4.00/bin/bin/../../lib/gcc/pic32mx/8.3.1/../../../../pic32mx/lib\libc-musl.a(__stdio_close.o)
 .debug_aranges
                0x0000000000000580       0x28 c:/program files/microchip/xc32/v4.00/bin/bin/../../lib/gcc/pic32mx/8.3.1/../../../../pic32mx/lib\libc-musl.a(fwrite.o)
 .debug_aranges
                0x00000000000005a8       0x30 c:/program files/microchip/xc32/v4.00/bin/bin/../../lib/gcc/pic32mx/8.3.1/../../../../pic32mx/lib\libc-musl.a(putc.o)
 .debug_aranges
                0x00000000000005d8       0x20 c:/program files/microchip/xc32/v4.00/bin/bin/../../lib/gcc/pic32mx/8.3.1/../../../../pic32mx/lib\libc-musl.a(stpcpy.o)
 .debug_aranges
                0x00000000000005f8       0x70 c:/program files/microchip/xc32/v4.00/bin/bin/../../lib/gcc/pic32mx/8.3.1/../../../../pic32mx/lib\libc-musl.a(malloc.o)
 .debug_aranges
                0x0000000000000668       0x20 c:/program files/microchip/xc32/v4.00/bin/bin/../../lib/gcc/pic32mx/8.3.1/../../../../pic32mx/lib\libc-musl.a(expand_heap.o)
 .debug_aranges
                0x0000000000000688       0x20 c:/program files/microchip/xc32/v4.00/bin/bin/../../lib/gcc/pic32mx/8.3.1/../../../../pic32mx/lib\libc-musl.a(__int_vsnprintf.o)
 .debug_aranges
                0x00000000000006a8       0x28 c:/program files/microchip/xc32/v4.00/bin/bin/../../lib/gcc/pic32mx/8.3.1/../../../../pic32mx/lib\libc-musl.a(__init_stdio.o)
 .debug_aranges
                0x00000000000006d0       0x20 c:/program files/microchip/xc32/v4.00/bin/bin/../../lib/gcc/pic32mx/8.3.1/../../../../pic32mx/lib\libc-musl.a(__io_file_needed.o)
 .debug_aranges
                0x00000000000006f0       0x18 c:/program files/microchip/xc32/v4.00/bin/bin/../../lib/gcc/pic32mx/8.3.1/../../../../pic32mx/lib\libc-musl.a(libc.o)
 .debug_aranges
                0x0000000000000708       0x30 c:/program files/microchip/xc32/v4.00/bin/bin/../../lib/gcc/pic32mx/8.3.1/../../../../pic32mx/lib\libm-musl.a(fma.o)
 .debug_aranges
                0x0000000000000738       0x20 c:/program files/microchip/xc32/v4.00/bin/bin/../../lib/gcc/pic32mx/8.3.1/../../../../pic32mx/lib\libm-musl.a(scalbn.o)
 .debug_aranges
                0x0000000000000758       0x40 c:/program files/microchip/xc32/v4.00/bin/bin/../../lib/gcc/pic32mx/8.3.1/../../../../pic32mx/lib\libpic32.a(sbrk.o)
 .debug_aranges
                0x0000000000000798       0x20 c:/program files/microchip/xc32/v4.00/bin/bin/../../lib/gcc/pic32mx/8.3.1/../../../../pic32mx/lib\libpic32.a(write.o)
 .debug_aranges
                0x00000000000007b8       0x20 c:/program files/microchip/xc32/v4.00/bin/bin/../../lib/gcc/pic32mx/8.3.1/../../../../pic32mx/lib\libpic32.a(lseek.o)
 .debug_aranges
                0x00000000000007d8       0x20 c:/program files/microchip/xc32/v4.00/bin/bin/../../lib/gcc/pic32mx/8.3.1/../../../../pic32mx/lib\libpic32.a(close.o)
 .debug_aranges
                0x00000000000007f8       0x20 c:/program files/microchip/xc32/v4.00/bin/bin/../../lib/gcc/pic32mx/8.3.1/../../../../pic32mx/lib\libpic32.a(_mon_putc.o)
 .debug_aranges
                0x0000000000000818       0x20 c:/program files/microchip/xc32/v4.00/bin/bin/../../lib/gcc/pic32mx/8.3.1/../../../../pic32mx/lib\libe.a(_floatdidf.o)
 .debug_aranges
                0x0000000000000838       0x20 c:/program files/microchip/xc32/v4.00/bin/bin/../../lib/gcc/pic32mx/8.3.1\libgcc.a(_lshrdi3.o)
 .debug_aranges
                0x0000000000000858       0x20 c:/program files/microchip/xc32/v4.00/bin/bin/../../lib/gcc/pic32mx/8.3.1\libgcc.a(_ashldi3.o)

.debug_pubnames
 *.elf(.debug_pubnames)
 *(.debug_pubnames)

.debug_info     0x0000000000000000    0x5412d
 *.elf(.debug_info .gnu.linkonce.wi.*)
 *(.debug_info .gnu.linkonce.wi.*)
 .debug_info    0x0000000000000000    0x1823b build/default/production/sourceOfFiles/and08479_main.o
 .debug_info    0x000000000001823b    0x180ba build/default/production/sourceOfFiles/uart1_setup.o
 .debug_info    0x00000000000302f5    0x18140 build/default/production/sourceOfFiles/io_setup.o
 .debug_info    0x0000000000048435      0x193 ..\and08479_ee4341_accelerometer_spi.X\dist\default\production\and08479_ee4341_accelerometer_spi.X.a(accel_define.o)
 .debug_info    0x00000000000485c8      0x1f1 ..\and08479_ee4341_accelerometer_spi.X\dist\default\production\and08479_ee4341_accelerometer_spi.X.a(accel_read_x.o)
 .debug_info    0x00000000000487b9      0x1f1 ..\and08479_ee4341_accelerometer_spi.X\dist\default\production\and08479_ee4341_accelerometer_spi.X.a(accel_read_y.o)
 .debug_info    0x00000000000489aa      0x192 ..\and08479_ee4341_accelerometer_spi.X\dist\default\production\and08479_ee4341_accelerometer_spi.X.a(accel_setup.o)
 .debug_info    0x0000000000048b3c      0x4db ..\and08479_ee4341_accelerometer_spi.X\dist\default\production\and08479_ee4341_accelerometer_spi.X.a(spi2_read_register.o)
 .debug_info    0x0000000000049017      0x82c ..\and08479_ee4341_accelerometer_spi.X\dist\default\production\and08479_ee4341_accelerometer_spi.X.a(spi2_setup.o)
 .debug_info    0x0000000000049843      0x4d8 ..\and08479_ee4341_accelerometer_spi.X\dist\default\production\and08479_ee4341_accelerometer_spi.X.a(spi2_write_register.o)
 .debug_info    0x0000000000049d1b       0x41 c:/program files/microchip/xc32/v4.00/bin/bin/../../lib/gcc/pic32mx/8.3.1/../../../../pic32mx/lib\libpic32.a(default-bootstrap-exception-handler.o)
 .debug_info    0x0000000000049d5c       0x3f c:/program files/microchip/xc32/v4.00/bin/bin/../../lib/gcc/pic32mx/8.3.1/../../../../pic32mx/lib\libpic32.a(default-on-reset.o)
 .debug_info    0x0000000000049d9b       0x3f c:/program files/microchip/xc32/v4.00/bin/bin/../../lib/gcc/pic32mx/8.3.1/../../../../pic32mx/lib\libpic32.a(default-on-bootstrap.o)
 .debug_info    0x0000000000049dda       0x41 c:/program files/microchip/xc32/v4.00/bin/bin/../../lib/gcc/pic32mx/8.3.1/../../../../pic32mx/lib\libpic32.a(default-general-exception-handler.o)
 .debug_info    0x0000000000049e1b       0x40 c:/program files/microchip/xc32/v4.00/bin/bin/../../lib/gcc/pic32mx/8.3.1/../../../../pic32mx/lib\libpic32.a(defaultinterrupt.o)
 .debug_info    0x0000000000049e5b      0x36e c:/program files/microchip/xc32/v4.00/bin/bin/../../lib/gcc/pic32mx/8.3.1/../../../../pic32mx/lib\libc-musl.a(__sio_printf_0.o)
 .debug_info    0x000000000004a1c9      0x36e c:/program files/microchip/xc32/v4.00/bin/bin/../../lib/gcc/pic32mx/8.3.1/../../../../pic32mx/lib\libc-musl.a(__sio_printf_s.o)
 .debug_info    0x000000000004a537      0x387 c:/program files/microchip/xc32/v4.00/bin/bin/../../lib/gcc/pic32mx/8.3.1/../../../../pic32mx/lib\libc-musl.a(__sio_sprintf_f.o)
 .debug_info    0x000000000004a8be      0x83a c:/program files/microchip/xc32/v4.00/bin/bin/../../lib/gcc/pic32mx/8.3.1/../../../../pic32mx/lib\libc-musl.a(__fmt_fp.o)
 .debug_info    0x000000000004b0f8      0x4cb c:/program files/microchip/xc32/v4.00/bin/bin/../../lib/gcc/pic32mx/8.3.1/../../../../pic32mx/lib\libc-musl.a(__fmt_s.o)
 .debug_info    0x000000000004b5c3      0xc00 c:/program files/microchip/xc32/v4.00/bin/bin/../../lib/gcc/pic32mx/8.3.1/../../../../pic32mx/lib\libc-musl.a(__printf_core.o)
 .debug_info    0x000000000004c1c3      0x57b c:/program files/microchip/xc32/v4.00/bin/bin/../../lib/gcc/pic32mx/8.3.1/../../../../pic32mx/lib\libc-musl.a(stdout.o)
 .debug_info    0x000000000004c73e       0xea c:/program files/microchip/xc32/v4.00/bin/bin/../../lib/gcc/pic32mx/8.3.1/../../../../pic32mx/lib\libc-musl.a(putchar.o)
 .debug_info    0x000000000004c828      0x555 c:/program files/microchip/xc32/v4.00/bin/bin/../../lib/gcc/pic32mx/8.3.1/../../../../pic32mx/lib\libc-musl.a(puts.o)
 .debug_info    0x000000000004cd7d       0xe7 c:/program files/microchip/xc32/v4.00/bin/bin/../../lib/gcc/pic32mx/8.3.1/../../../../pic32mx/lib\libc-musl.a(atoi.o)
 .debug_info    0x000000000004ce64       0xea c:/program files/microchip/xc32/v4.00/bin/bin/../../lib/gcc/pic32mx/8.3.1/../../../../pic32mx/lib\libc-musl.a(memcpy.o)
 .debug_info    0x000000000004cf4e       0xb3 c:/program files/microchip/xc32/v4.00/bin/bin/../../lib/gcc/pic32mx/8.3.1/../../../../pic32mx/lib\libc-musl.a(memset.o)
 .debug_info    0x000000000004d001       0x9c c:/program files/microchip/xc32/v4.00/bin/bin/../../lib/gcc/pic32mx/8.3.1/../../../../pic32mx/lib\libc-musl.a(strlen.o)
 .debug_info    0x000000000004d09d       0xb4 c:/program files/microchip/xc32/v4.00/bin/bin/../../lib/gcc/pic32mx/8.3.1/../../../../pic32mx/lib\libc-musl.a(strcpy.o)
 .debug_info    0x000000000004d151      0x303 c:/program files/microchip/xc32/v4.00/bin/bin/../../lib/gcc/pic32mx/8.3.1/../../../../pic32mx/lib\libc-musl.a(tolower.o)
 .debug_info    0x000000000004d454      0x408 c:/program files/microchip/xc32/v4.00/bin/bin/../../lib/gcc/pic32mx/8.3.1/../../../../pic32mx/lib\libc-musl.a(__int_vfprintf.o)
 .debug_info    0x000000000004d85c      0x351 c:/program files/microchip/xc32/v4.00/bin/bin/../../lib/gcc/pic32mx/8.3.1/../../../../pic32mx/lib\libc-musl.a(__int_vsprintf.o)
 .debug_info    0x000000000004dbad      0x578 c:/program files/microchip/xc32/v4.00/bin/bin/../../lib/gcc/pic32mx/8.3.1/../../../../pic32mx/lib\libc-musl.a(fputs.o)
 .debug_info    0x000000000004e125      0x4fe c:/program files/microchip/xc32/v4.00/bin/bin/../../lib/gcc/pic32mx/8.3.1/../../../../pic32mx/lib\libc-musl.a(__fopen.o)
 .debug_info    0x000000000004e623      0x529 c:/program files/microchip/xc32/v4.00/bin/bin/../../lib/gcc/pic32mx/8.3.1/../../../../pic32mx/lib\libc-musl.a(__io_init_needed.o)
 .debug_info    0x000000000004eb4c      0x4e2 c:/program files/microchip/xc32/v4.00/bin/bin/../../lib/gcc/pic32mx/8.3.1/../../../../pic32mx/lib\libc-musl.a(__out.o)
 .debug_info    0x000000000004f02e      0x3d6 c:/program files/microchip/xc32/v4.00/bin/bin/../../lib/gcc/pic32mx/8.3.1/../../../../pic32mx/lib\libc-musl.a(__pop_float.o)
 .debug_info    0x000000000004f404      0x3f0 c:/program files/microchip/xc32/v4.00/bin/bin/../../lib/gcc/pic32mx/8.3.1/../../../../pic32mx/lib\libc-musl.a(__pop_int.o)
 .debug_info    0x000000000004f7f4      0x3f4 c:/program files/microchip/xc32/v4.00/bin/bin/../../lib/gcc/pic32mx/8.3.1/../../../../pic32mx/lib\libc-musl.a(__pop_ptr.o)
 .debug_info    0x000000000004fbe8      0x5f6 c:/program files/microchip/xc32/v4.00/bin/bin/../../lib/gcc/pic32mx/8.3.1/../../../../pic32mx/lib\libc-musl.a(__stdio_close.o)
 .debug_info    0x00000000000501de      0x48f c:/program files/microchip/xc32/v4.00/bin/bin/../../lib/gcc/pic32mx/8.3.1/../../../../pic32mx/lib\libc-musl.a(fwrite.o)
 .debug_info    0x000000000005066d      0x45a c:/program files/microchip/xc32/v4.00/bin/bin/../../lib/gcc/pic32mx/8.3.1/../../../../pic32mx/lib\libc-musl.a(putc.o)
 .debug_info    0x0000000000050ac7      0x2d5 c:/program files/microchip/xc32/v4.00/bin/bin/../../lib/gcc/pic32mx/8.3.1/../../../../pic32mx/lib\libc-musl.a(stpcpy.o)
 .debug_info    0x0000000000050d9c     0x108d c:/program files/microchip/xc32/v4.00/bin/bin/../../lib/gcc/pic32mx/8.3.1/../../../../pic32mx/lib\libc-musl.a(malloc.o)
 .debug_info    0x0000000000051e29      0x32f c:/program files/microchip/xc32/v4.00/bin/bin/../../lib/gcc/pic32mx/8.3.1/../../../../pic32mx/lib\libc-musl.a(expand_heap.o)
 .debug_info    0x0000000000052158      0x400 c:/program files/microchip/xc32/v4.00/bin/bin/../../lib/gcc/pic32mx/8.3.1/../../../../pic32mx/lib\libc-musl.a(__int_vsnprintf.o)
 .debug_info    0x0000000000052558      0x503 c:/program files/microchip/xc32/v4.00/bin/bin/../../lib/gcc/pic32mx/8.3.1/../../../../pic32mx/lib\libc-musl.a(__init_stdio.o)
 .debug_info    0x0000000000052a5b      0x4f9 c:/program files/microchip/xc32/v4.00/bin/bin/../../lib/gcc/pic32mx/8.3.1/../../../../pic32mx/lib\libc-musl.a(__io_file_needed.o)
 .debug_info    0x0000000000052f54      0x2d8 c:/program files/microchip/xc32/v4.00/bin/bin/../../lib/gcc/pic32mx/8.3.1/../../../../pic32mx/lib\libc-musl.a(libc.o)
 .debug_info    0x000000000005322c      0x54e c:/program files/microchip/xc32/v4.00/bin/bin/../../lib/gcc/pic32mx/8.3.1/../../../../pic32mx/lib\libm-musl.a(fma.o)
 .debug_info    0x000000000005377a      0x118 c:/program files/microchip/xc32/v4.00/bin/bin/../../lib/gcc/pic32mx/8.3.1/../../../../pic32mx/lib\libm-musl.a(scalbn.o)
 .debug_info    0x0000000000053892       0xae c:/program files/microchip/xc32/v4.00/bin/bin/../../lib/gcc/pic32mx/8.3.1/../../../../pic32mx/lib\libpic32.a(sbrk.o)
 .debug_info    0x0000000000053940       0x40 c:/program files/microchip/xc32/v4.00/bin/bin/../../lib/gcc/pic32mx/8.3.1/../../../../pic32mx/lib\libpic32.a(write.o)
 .debug_info    0x0000000000053980       0x3f c:/program files/microchip/xc32/v4.00/bin/bin/../../lib/gcc/pic32mx/8.3.1/../../../../pic32mx/lib\libpic32.a(lseek.o)
 .debug_info    0x00000000000539bf       0x3f c:/program files/microchip/xc32/v4.00/bin/bin/../../lib/gcc/pic32mx/8.3.1/../../../../pic32mx/lib\libpic32.a(close.o)
 .debug_info    0x00000000000539fe       0x40 c:/program files/microchip/xc32/v4.00/bin/bin/../../lib/gcc/pic32mx/8.3.1/../../../../pic32mx/lib\libpic32.a(_mon_putc.o)
 .debug_info    0x0000000000053a3e       0x77 c:/program files/microchip/xc32/v4.00/bin/bin/../../lib/gcc/pic32mx/8.3.1/../../../../pic32mx/lib\libe.a(_floatdidf.o)
 .debug_info    0x0000000000053ab5      0x33c c:/program files/microchip/xc32/v4.00/bin/bin/../../lib/gcc/pic32mx/8.3.1\libgcc.a(_lshrdi3.o)
 .debug_info    0x0000000000053df1      0x33c c:/program files/microchip/xc32/v4.00/bin/bin/../../lib/gcc/pic32mx/8.3.1\libgcc.a(_ashldi3.o)

.debug_abbrev   0x0000000000000000     0x40a7
 *.elf(.debug_abbrev)
 *(.debug_abbrev)
 .debug_abbrev  0x0000000000000000      0x232 build/default/production/sourceOfFiles/and08479_main.o
 .debug_abbrev  0x0000000000000232      0x180 build/default/production/sourceOfFiles/uart1_setup.o
 .debug_abbrev  0x00000000000003b2      0x1b3 build/default/production/sourceOfFiles/io_setup.o
 .debug_abbrev  0x0000000000000565       0x55 ..\and08479_ee4341_accelerometer_spi.X\dist\default\production\and08479_ee4341_accelerometer_spi.X.a(accel_define.o)
 .debug_abbrev  0x00000000000005ba       0x6f ..\and08479_ee4341_accelerometer_spi.X\dist\default\production\and08479_ee4341_accelerometer_spi.X.a(accel_read_x.o)
 .debug_abbrev  0x0000000000000629       0x6f ..\and08479_ee4341_accelerometer_spi.X\dist\default\production\and08479_ee4341_accelerometer_spi.X.a(accel_read_y.o)
 .debug_abbrev  0x0000000000000698       0x4d ..\and08479_ee4341_accelerometer_spi.X\dist\default\production\and08479_ee4341_accelerometer_spi.X.a(accel_setup.o)
 .debug_abbrev  0x00000000000006e5       0xd5 ..\and08479_ee4341_accelerometer_spi.X\dist\default\production\and08479_ee4341_accelerometer_spi.X.a(spi2_read_register.o)
 .debug_abbrev  0x00000000000007ba       0xb3 ..\and08479_ee4341_accelerometer_spi.X\dist\default\production\and08479_ee4341_accelerometer_spi.X.a(spi2_setup.o)
 .debug_abbrev  0x000000000000086d       0xd3 ..\and08479_ee4341_accelerometer_spi.X\dist\default\production\and08479_ee4341_accelerometer_spi.X.a(spi2_write_register.o)
 .debug_abbrev  0x0000000000000940       0x31 c:/program files/microchip/xc32/v4.00/bin/bin/../../lib/gcc/pic32mx/8.3.1/../../../../pic32mx/lib\libpic32.a(default-bootstrap-exception-handler.o)
 .debug_abbrev  0x0000000000000971       0x2e c:/program files/microchip/xc32/v4.00/bin/bin/../../lib/gcc/pic32mx/8.3.1/../../../../pic32mx/lib\libpic32.a(default-on-reset.o)
 .debug_abbrev  0x000000000000099f       0x2e c:/program files/microchip/xc32/v4.00/bin/bin/../../lib/gcc/pic32mx/8.3.1/../../../../pic32mx/lib\libpic32.a(default-on-bootstrap.o)
 .debug_abbrev  0x00000000000009cd       0x31 c:/program files/microchip/xc32/v4.00/bin/bin/../../lib/gcc/pic32mx/8.3.1/../../../../pic32mx/lib\libpic32.a(default-general-exception-handler.o)
 .debug_abbrev  0x00000000000009fe       0x31 c:/program files/microchip/xc32/v4.00/bin/bin/../../lib/gcc/pic32mx/8.3.1/../../../../pic32mx/lib\libpic32.a(defaultinterrupt.o)
 .debug_abbrev  0x0000000000000a2f      0x17e c:/program files/microchip/xc32/v4.00/bin/bin/../../lib/gcc/pic32mx/8.3.1/../../../../pic32mx/lib\libc-musl.a(__sio_printf_0.o)
 .debug_abbrev  0x0000000000000bad      0x17e c:/program files/microchip/xc32/v4.00/bin/bin/../../lib/gcc/pic32mx/8.3.1/../../../../pic32mx/lib\libc-musl.a(__sio_printf_s.o)
 .debug_abbrev  0x0000000000000d2b      0x17e c:/program files/microchip/xc32/v4.00/bin/bin/../../lib/gcc/pic32mx/8.3.1/../../../../pic32mx/lib\libc-musl.a(__sio_sprintf_f.o)
 .debug_abbrev  0x0000000000000ea9      0x232 c:/program files/microchip/xc32/v4.00/bin/bin/../../lib/gcc/pic32mx/8.3.1/../../../../pic32mx/lib\libc-musl.a(__fmt_fp.o)
 .debug_abbrev  0x00000000000010db      0x190 c:/program files/microchip/xc32/v4.00/bin/bin/../../lib/gcc/pic32mx/8.3.1/../../../../pic32mx/lib\libc-musl.a(__fmt_s.o)
 .debug_abbrev  0x000000000000126b      0x33b c:/program files/microchip/xc32/v4.00/bin/bin/../../lib/gcc/pic32mx/8.3.1/../../../../pic32mx/lib\libc-musl.a(__printf_core.o)
 .debug_abbrev  0x00000000000015a6      0x17f c:/program files/microchip/xc32/v4.00/bin/bin/../../lib/gcc/pic32mx/8.3.1/../../../../pic32mx/lib\libc-musl.a(stdout.o)
 .debug_abbrev  0x0000000000001725       0xc4 c:/program files/microchip/xc32/v4.00/bin/bin/../../lib/gcc/pic32mx/8.3.1/../../../../pic32mx/lib\libc-musl.a(putchar.o)
 .debug_abbrev  0x00000000000017e9      0x159 c:/program files/microchip/xc32/v4.00/bin/bin/../../lib/gcc/pic32mx/8.3.1/../../../../pic32mx/lib\libc-musl.a(puts.o)
 .debug_abbrev  0x0000000000001942       0xc4 c:/program files/microchip/xc32/v4.00/bin/bin/../../lib/gcc/pic32mx/8.3.1/../../../../pic32mx/lib\libc-musl.a(atoi.o)
 .debug_abbrev  0x0000000000001a06       0xbb c:/program files/microchip/xc32/v4.00/bin/bin/../../lib/gcc/pic32mx/8.3.1/../../../../pic32mx/lib\libc-musl.a(memcpy.o)
 .debug_abbrev  0x0000000000001ac1       0xa2 c:/program files/microchip/xc32/v4.00/bin/bin/../../lib/gcc/pic32mx/8.3.1/../../../../pic32mx/lib\libc-musl.a(memset.o)
 .debug_abbrev  0x0000000000001b63       0x91 c:/program files/microchip/xc32/v4.00/bin/bin/../../lib/gcc/pic32mx/8.3.1/../../../../pic32mx/lib\libc-musl.a(strlen.o)
 .debug_abbrev  0x0000000000001bf4       0xa2 c:/program files/microchip/xc32/v4.00/bin/bin/../../lib/gcc/pic32mx/8.3.1/../../../../pic32mx/lib\libc-musl.a(strcpy.o)
 .debug_abbrev  0x0000000000001c96      0x12b c:/program files/microchip/xc32/v4.00/bin/bin/../../lib/gcc/pic32mx/8.3.1/../../../../pic32mx/lib\libc-musl.a(tolower.o)
 .debug_abbrev  0x0000000000001dc1      0x167 c:/program files/microchip/xc32/v4.00/bin/bin/../../lib/gcc/pic32mx/8.3.1/../../../../pic32mx/lib\libc-musl.a(__int_vfprintf.o)
 .debug_abbrev  0x0000000000001f28      0x12f c:/program files/microchip/xc32/v4.00/bin/bin/../../lib/gcc/pic32mx/8.3.1/../../../../pic32mx/lib\libc-musl.a(__int_vsprintf.o)
 .debug_abbrev  0x0000000000002057      0x159 c:/program files/microchip/xc32/v4.00/bin/bin/../../lib/gcc/pic32mx/8.3.1/../../../../pic32mx/lib\libc-musl.a(fputs.o)
 .debug_abbrev  0x00000000000021b0      0x1a4 c:/program files/microchip/xc32/v4.00/bin/bin/../../lib/gcc/pic32mx/8.3.1/../../../../pic32mx/lib\libc-musl.a(__fopen.o)
 .debug_abbrev  0x0000000000002354      0x130 c:/program files/microchip/xc32/v4.00/bin/bin/../../lib/gcc/pic32mx/8.3.1/../../../../pic32mx/lib\libc-musl.a(__io_init_needed.o)
 .debug_abbrev  0x0000000000002484      0x1b6 c:/program files/microchip/xc32/v4.00/bin/bin/../../lib/gcc/pic32mx/8.3.1/../../../../pic32mx/lib\libc-musl.a(__out.o)
 .debug_abbrev  0x000000000000263a      0x132 c:/program files/microchip/xc32/v4.00/bin/bin/../../lib/gcc/pic32mx/8.3.1/../../../../pic32mx/lib\libc-musl.a(__pop_float.o)
 .debug_abbrev  0x000000000000276c      0x132 c:/program files/microchip/xc32/v4.00/bin/bin/../../lib/gcc/pic32mx/8.3.1/../../../../pic32mx/lib\libc-musl.a(__pop_int.o)
 .debug_abbrev  0x000000000000289e      0x146 c:/program files/microchip/xc32/v4.00/bin/bin/../../lib/gcc/pic32mx/8.3.1/../../../../pic32mx/lib\libc-musl.a(__pop_ptr.o)
 .debug_abbrev  0x00000000000029e4      0x162 c:/program files/microchip/xc32/v4.00/bin/bin/../../lib/gcc/pic32mx/8.3.1/../../../../pic32mx/lib\libc-musl.a(__stdio_close.o)
 .debug_abbrev  0x0000000000002b46      0x178 c:/program files/microchip/xc32/v4.00/bin/bin/../../lib/gcc/pic32mx/8.3.1/../../../../pic32mx/lib\libc-musl.a(fwrite.o)
 .debug_abbrev  0x0000000000002cbe      0x165 c:/program files/microchip/xc32/v4.00/bin/bin/../../lib/gcc/pic32mx/8.3.1/../../../../pic32mx/lib\libc-musl.a(putc.o)
 .debug_abbrev  0x0000000000002e23       0xfb c:/program files/microchip/xc32/v4.00/bin/bin/../../lib/gcc/pic32mx/8.3.1/../../../../pic32mx/lib\libc-musl.a(stpcpy.o)
 .debug_abbrev  0x0000000000002f1e      0x43a c:/program files/microchip/xc32/v4.00/bin/bin/../../lib/gcc/pic32mx/8.3.1/../../../../pic32mx/lib\libc-musl.a(malloc.o)
 .debug_abbrev  0x0000000000003358      0x142 c:/program files/microchip/xc32/v4.00/bin/bin/../../lib/gcc/pic32mx/8.3.1/../../../../pic32mx/lib\libc-musl.a(expand_heap.o)
 .debug_abbrev  0x000000000000349a      0x151 c:/program files/microchip/xc32/v4.00/bin/bin/../../lib/gcc/pic32mx/8.3.1/../../../../pic32mx/lib\libc-musl.a(__int_vsnprintf.o)
 .debug_abbrev  0x00000000000035eb      0x114 c:/program files/microchip/xc32/v4.00/bin/bin/../../lib/gcc/pic32mx/8.3.1/../../../../pic32mx/lib\libc-musl.a(__init_stdio.o)
 .debug_abbrev  0x00000000000036ff      0x116 c:/program files/microchip/xc32/v4.00/bin/bin/../../lib/gcc/pic32mx/8.3.1/../../../../pic32mx/lib\libc-musl.a(__io_file_needed.o)
 .debug_abbrev  0x0000000000003815       0xe3 c:/program files/microchip/xc32/v4.00/bin/bin/../../lib/gcc/pic32mx/8.3.1/../../../../pic32mx/lib\libc-musl.a(libc.o)
 .debug_abbrev  0x00000000000038f8      0x24b c:/program files/microchip/xc32/v4.00/bin/bin/../../lib/gcc/pic32mx/8.3.1/../../../../pic32mx/lib\libm-musl.a(fma.o)
 .debug_abbrev  0x0000000000003b43       0xbf c:/program files/microchip/xc32/v4.00/bin/bin/../../lib/gcc/pic32mx/8.3.1/../../../../pic32mx/lib\libm-musl.a(scalbn.o)
 .debug_abbrev  0x0000000000003c02       0x90 c:/program files/microchip/xc32/v4.00/bin/bin/../../lib/gcc/pic32mx/8.3.1/../../../../pic32mx/lib\libpic32.a(sbrk.o)
 .debug_abbrev  0x0000000000003c92       0x2e c:/program files/microchip/xc32/v4.00/bin/bin/../../lib/gcc/pic32mx/8.3.1/../../../../pic32mx/lib\libpic32.a(write.o)
 .debug_abbrev  0x0000000000003cc0       0x2e c:/program files/microchip/xc32/v4.00/bin/bin/../../lib/gcc/pic32mx/8.3.1/../../../../pic32mx/lib\libpic32.a(lseek.o)
 .debug_abbrev  0x0000000000003cee       0x2e c:/program files/microchip/xc32/v4.00/bin/bin/../../lib/gcc/pic32mx/8.3.1/../../../../pic32mx/lib\libpic32.a(close.o)
 .debug_abbrev  0x0000000000003d1c       0x2e c:/program files/microchip/xc32/v4.00/bin/bin/../../lib/gcc/pic32mx/8.3.1/../../../../pic32mx/lib\libpic32.a(_mon_putc.o)
 .debug_abbrev  0x0000000000003d4a       0x61 c:/program files/microchip/xc32/v4.00/bin/bin/../../lib/gcc/pic32mx/8.3.1/../../../../pic32mx/lib\libe.a(_floatdidf.o)
 .debug_abbrev  0x0000000000003dab      0x17e c:/program files/microchip/xc32/v4.00/bin/bin/../../lib/gcc/pic32mx/8.3.1\libgcc.a(_lshrdi3.o)
 .debug_abbrev  0x0000000000003f29      0x17e c:/program files/microchip/xc32/v4.00/bin/bin/../../lib/gcc/pic32mx/8.3.1\libgcc.a(_ashldi3.o)

.debug_line     0x0000000000000000     0x874f
 *.elf(.debug_line)
 *(.debug_line)
 .debug_line    0x0000000000000000      0x2f1 build/default/production/sourceOfFiles/and08479_main.o
 .debug_line    0x00000000000002f1      0x1c2 build/default/production/sourceOfFiles/uart1_setup.o
 .debug_line    0x00000000000004b3      0x24c build/default/production/sourceOfFiles/io_setup.o
 .debug_line    0x00000000000006ff       0xaa ..\and08479_ee4341_accelerometer_spi.X\dist\default\production\and08479_ee4341_accelerometer_spi.X.a(accel_define.o)
 .debug_line    0x00000000000007a9      0x104 ..\and08479_ee4341_accelerometer_spi.X\dist\default\production\and08479_ee4341_accelerometer_spi.X.a(accel_read_x.o)
 .debug_line    0x00000000000008ad      0x104 ..\and08479_ee4341_accelerometer_spi.X\dist\default\production\and08479_ee4341_accelerometer_spi.X.a(accel_read_y.o)
 .debug_line    0x00000000000009b1       0xab ..\and08479_ee4341_accelerometer_spi.X\dist\default\production\and08479_ee4341_accelerometer_spi.X.a(accel_setup.o)
 .debug_line    0x0000000000000a5c      0x179 ..\and08479_ee4341_accelerometer_spi.X\dist\default\production\and08479_ee4341_accelerometer_spi.X.a(spi2_read_register.o)
 .debug_line    0x0000000000000bd5      0x17c ..\and08479_ee4341_accelerometer_spi.X\dist\default\production\and08479_ee4341_accelerometer_spi.X.a(spi2_setup.o)
 .debug_line    0x0000000000000d51      0x179 ..\and08479_ee4341_accelerometer_spi.X\dist\default\production\and08479_ee4341_accelerometer_spi.X.a(spi2_write_register.o)
 .debug_line    0x0000000000000eca       0xca c:/program files/microchip/xc32/v4.00/bin/bin/../../lib/gcc/pic32mx/8.3.1/../../../../pic32mx/lib\libpic32.a(default-bootstrap-exception-handler.o)
 .debug_line    0x0000000000000f94       0xa6 c:/program files/microchip/xc32/v4.00/bin/bin/../../lib/gcc/pic32mx/8.3.1/../../../../pic32mx/lib\libpic32.a(default-on-reset.o)
 .debug_line    0x000000000000103a       0xaa c:/program files/microchip/xc32/v4.00/bin/bin/../../lib/gcc/pic32mx/8.3.1/../../../../pic32mx/lib\libpic32.a(default-on-bootstrap.o)
 .debug_line    0x00000000000010e4        0x0 c:/program files/microchip/xc32/v4.00/bin/bin/../../lib/gcc/pic32mx/8.3.1/../../../../pic32mx/lib\libpic32.a(xc32_uart.o)
 .debug_line    0x00000000000010e4       0xc8 c:/program files/microchip/xc32/v4.00/bin/bin/../../lib/gcc/pic32mx/8.3.1/../../../../pic32mx/lib\libpic32.a(default-general-exception-handler.o)
 .debug_line    0x00000000000011ac       0xc9 c:/program files/microchip/xc32/v4.00/bin/bin/../../lib/gcc/pic32mx/8.3.1/../../../../pic32mx/lib\libpic32.a(defaultinterrupt.o)
 .debug_line    0x0000000000001275      0x2da c:/program files/microchip/xc32/v4.00/bin/bin/../../lib/gcc/pic32mx/8.3.1/../../../../pic32mx/lib\libc-musl.a(__sio_printf_0.o)
 .debug_line    0x000000000000154f      0x2da c:/program files/microchip/xc32/v4.00/bin/bin/../../lib/gcc/pic32mx/8.3.1/../../../../pic32mx/lib\libc-musl.a(__sio_printf_s.o)
 .debug_line    0x0000000000001829      0x2d7 c:/program files/microchip/xc32/v4.00/bin/bin/../../lib/gcc/pic32mx/8.3.1/../../../../pic32mx/lib\libc-musl.a(__sio_sprintf_f.o)
 .debug_line    0x0000000000001b00      0x782 c:/program files/microchip/xc32/v4.00/bin/bin/../../lib/gcc/pic32mx/8.3.1/../../../../pic32mx/lib\libc-musl.a(__fmt_fp.o)
 .debug_line    0x0000000000002282      0x2f5 c:/program files/microchip/xc32/v4.00/bin/bin/../../lib/gcc/pic32mx/8.3.1/../../../../pic32mx/lib\libc-musl.a(__fmt_s.o)
 .debug_line    0x0000000000002577      0x794 c:/program files/microchip/xc32/v4.00/bin/bin/../../lib/gcc/pic32mx/8.3.1/../../../../pic32mx/lib\libc-musl.a(__printf_core.o)
 .debug_line    0x0000000000002d0b      0x257 c:/program files/microchip/xc32/v4.00/bin/bin/../../lib/gcc/pic32mx/8.3.1/../../../../pic32mx/lib\libc-musl.a(stdout.o)
 .debug_line    0x0000000000002f62      0x198 c:/program files/microchip/xc32/v4.00/bin/bin/../../lib/gcc/pic32mx/8.3.1/../../../../pic32mx/lib\libc-musl.a(putchar.o)
 .debug_line    0x00000000000030fa      0x233 c:/program files/microchip/xc32/v4.00/bin/bin/../../lib/gcc/pic32mx/8.3.1/../../../../pic32mx/lib\libc-musl.a(puts.o)
 .debug_line    0x000000000000332d      0x17d c:/program files/microchip/xc32/v4.00/bin/bin/../../lib/gcc/pic32mx/8.3.1/../../../../pic32mx/lib\libc-musl.a(atoi.o)
 .debug_line    0x00000000000034aa      0x13a c:/program files/microchip/xc32/v4.00/bin/bin/../../lib/gcc/pic32mx/8.3.1/../../../../pic32mx/lib\libc-musl.a(memcpy.o)
 .debug_line    0x00000000000035e4      0x131 c:/program files/microchip/xc32/v4.00/bin/bin/../../lib/gcc/pic32mx/8.3.1/../../../../pic32mx/lib\libc-musl.a(memset.o)
 .debug_line    0x0000000000003715      0x12f c:/program files/microchip/xc32/v4.00/bin/bin/../../lib/gcc/pic32mx/8.3.1/../../../../pic32mx/lib\libc-musl.a(strlen.o)
 .debug_line    0x0000000000003844       0xb4 c:/program files/microchip/xc32/v4.00/bin/bin/../../lib/gcc/pic32mx/8.3.1/../../../../pic32mx/lib\libc-musl.a(strcpy.o)
 .debug_line    0x00000000000038f8      0x232 c:/program files/microchip/xc32/v4.00/bin/bin/../../lib/gcc/pic32mx/8.3.1/../../../../pic32mx/lib\libc-musl.a(tolower.o)
 .debug_line    0x0000000000003b2a      0x25a c:/program files/microchip/xc32/v4.00/bin/bin/../../lib/gcc/pic32mx/8.3.1/../../../../pic32mx/lib\libc-musl.a(__int_vfprintf.o)
 .debug_line    0x0000000000003d84      0x293 c:/program files/microchip/xc32/v4.00/bin/bin/../../lib/gcc/pic32mx/8.3.1/../../../../pic32mx/lib\libc-musl.a(__int_vsprintf.o)
 .debug_line    0x0000000000004017      0x2a4 c:/program files/microchip/xc32/v4.00/bin/bin/../../lib/gcc/pic32mx/8.3.1/../../../../pic32mx/lib\libc-musl.a(fputs.o)